Archive member included to satisfy reference by file (symbol)

/home/phuccd/xpack-arm-none-eabi-gcc-12.2.1-1.2/bin/../lib/gcc/arm-none-eabi/12.2.1/../../../../arm-none-eabi/lib/thumb/v7e-m+fp/hard/libc_nano.a(libc_a-atexit.o)
                              /home/phuccd/xpack-arm-none-eabi-gcc-12.2.1-1.2/bin/../lib/gcc/arm-none-eabi/12.2.1/../../../../arm-none-eabi/lib/thumb/v7e-m+fp/hard/crt0.o (atexit)
/home/phuccd/xpack-arm-none-eabi-gcc-12.2.1-1.2/bin/../lib/gcc/arm-none-eabi/12.2.1/../../../../arm-none-eabi/lib/thumb/v7e-m+fp/hard/libc_nano.a(libc_a-exit.o)
                              /home/phuccd/xpack-arm-none-eabi-gcc-12.2.1-1.2/bin/../lib/gcc/arm-none-eabi/12.2.1/../../../../arm-none-eabi/lib/thumb/v7e-m+fp/hard/crt0.o (exit)
/home/phuccd/xpack-arm-none-eabi-gcc-12.2.1-1.2/bin/../lib/gcc/arm-none-eabi/12.2.1/../../../../arm-none-eabi/lib/thumb/v7e-m+fp/hard/libc_nano.a(libc_a-findfp.o)
                              /home/phuccd/xpack-arm-none-eabi-gcc-12.2.1-1.2/bin/../lib/gcc/arm-none-eabi/12.2.1/../../../../arm-none-eabi/lib/thumb/v7e-m+fp/hard/libc_nano.a(libc_a-exit.o) (__stdio_exit_handler)
/home/phuccd/xpack-arm-none-eabi-gcc-12.2.1-1.2/bin/../lib/gcc/arm-none-eabi/12.2.1/../../../../arm-none-eabi/lib/thumb/v7e-m+fp/hard/libc_nano.a(libc_a-fwalk.o)
                              /home/phuccd/xpack-arm-none-eabi-gcc-12.2.1-1.2/bin/../lib/gcc/arm-none-eabi/12.2.1/../../../../arm-none-eabi/lib/thumb/v7e-m+fp/hard/libc_nano.a(libc_a-findfp.o) (_fwalk_sglue)
/home/phuccd/xpack-arm-none-eabi-gcc-12.2.1-1.2/bin/../lib/gcc/arm-none-eabi/12.2.1/../../../../arm-none-eabi/lib/thumb/v7e-m+fp/hard/libc_nano.a(libc_a-stdio.o)
                              /home/phuccd/xpack-arm-none-eabi-gcc-12.2.1-1.2/bin/../lib/gcc/arm-none-eabi/12.2.1/../../../../arm-none-eabi/lib/thumb/v7e-m+fp/hard/libc_nano.a(libc_a-findfp.o) (__sread)
/home/phuccd/xpack-arm-none-eabi-gcc-12.2.1-1.2/bin/../lib/gcc/arm-none-eabi/12.2.1/../../../../arm-none-eabi/lib/thumb/v7e-m+fp/hard/libc_nano.a(libc_a-memset.o)
                              /home/phuccd/xpack-arm-none-eabi-gcc-12.2.1-1.2/bin/../lib/gcc/arm-none-eabi/12.2.1/../../../../arm-none-eabi/lib/thumb/v7e-m+fp/hard/crt0.o (memset)
/home/phuccd/xpack-arm-none-eabi-gcc-12.2.1-1.2/bin/../lib/gcc/arm-none-eabi/12.2.1/../../../../arm-none-eabi/lib/thumb/v7e-m+fp/hard/libc_nano.a(libc_a-closer.o)
                              /home/phuccd/xpack-arm-none-eabi-gcc-12.2.1-1.2/bin/../lib/gcc/arm-none-eabi/12.2.1/../../../../arm-none-eabi/lib/thumb/v7e-m+fp/hard/libc_nano.a(libc_a-stdio.o) (_close_r)
/home/phuccd/xpack-arm-none-eabi-gcc-12.2.1-1.2/bin/../lib/gcc/arm-none-eabi/12.2.1/../../../../arm-none-eabi/lib/thumb/v7e-m+fp/hard/libc_nano.a(libc_a-reent.o)
                              /home/phuccd/xpack-arm-none-eabi-gcc-12.2.1-1.2/bin/../lib/gcc/arm-none-eabi/12.2.1/../../../../arm-none-eabi/lib/thumb/v7e-m+fp/hard/libc_nano.a(libc_a-closer.o) (errno)
/home/phuccd/xpack-arm-none-eabi-gcc-12.2.1-1.2/bin/../lib/gcc/arm-none-eabi/12.2.1/../../../../arm-none-eabi/lib/thumb/v7e-m+fp/hard/libc_nano.a(libc_a-impure.o)
                              /home/phuccd/xpack-arm-none-eabi-gcc-12.2.1-1.2/bin/../lib/gcc/arm-none-eabi/12.2.1/../../../../arm-none-eabi/lib/thumb/v7e-m+fp/hard/libc_nano.a(libc_a-reent.o) (_impure_ptr)
/home/phuccd/xpack-arm-none-eabi-gcc-12.2.1-1.2/bin/../lib/gcc/arm-none-eabi/12.2.1/../../../../arm-none-eabi/lib/thumb/v7e-m+fp/hard/libc_nano.a(libc_a-lseekr.o)
                              /home/phuccd/xpack-arm-none-eabi-gcc-12.2.1-1.2/bin/../lib/gcc/arm-none-eabi/12.2.1/../../../../arm-none-eabi/lib/thumb/v7e-m+fp/hard/libc_nano.a(libc_a-stdio.o) (_lseek_r)
/home/phuccd/xpack-arm-none-eabi-gcc-12.2.1-1.2/bin/../lib/gcc/arm-none-eabi/12.2.1/../../../../arm-none-eabi/lib/thumb/v7e-m+fp/hard/libc_nano.a(libc_a-readr.o)
                              /home/phuccd/xpack-arm-none-eabi-gcc-12.2.1-1.2/bin/../lib/gcc/arm-none-eabi/12.2.1/../../../../arm-none-eabi/lib/thumb/v7e-m+fp/hard/libc_nano.a(libc_a-stdio.o) (_read_r)
/home/phuccd/xpack-arm-none-eabi-gcc-12.2.1-1.2/bin/../lib/gcc/arm-none-eabi/12.2.1/../../../../arm-none-eabi/lib/thumb/v7e-m+fp/hard/libc_nano.a(libc_a-writer.o)
                              /home/phuccd/xpack-arm-none-eabi-gcc-12.2.1-1.2/bin/../lib/gcc/arm-none-eabi/12.2.1/../../../../arm-none-eabi/lib/thumb/v7e-m+fp/hard/libc_nano.a(libc_a-stdio.o) (_write_r)
/home/phuccd/xpack-arm-none-eabi-gcc-12.2.1-1.2/bin/../lib/gcc/arm-none-eabi/12.2.1/../../../../arm-none-eabi/lib/thumb/v7e-m+fp/hard/libc_nano.a(libc_a-init.o)
                              /home/phuccd/xpack-arm-none-eabi-gcc-12.2.1-1.2/bin/../lib/gcc/arm-none-eabi/12.2.1/../../../../arm-none-eabi/lib/thumb/v7e-m+fp/hard/crt0.o (__libc_init_array)
/home/phuccd/xpack-arm-none-eabi-gcc-12.2.1-1.2/bin/../lib/gcc/arm-none-eabi/12.2.1/../../../../arm-none-eabi/lib/thumb/v7e-m+fp/hard/libc_nano.a(libc_a-fini.o)
[...]
Memory Configuration

Name             Origin             Length             Attributes
RAM              0x20000000         0x00020000         xrw
FLASH            0x08000000         0x00080000         xr
*default*        0x00000000         0xffffffff

Linker script and memory map

LOAD /home/phuccd/xpack-arm-none-eabi-gcc-12.2.1-1.2/bin/../lib/gcc/arm-none-eabi/12.2.1/thumb/v7e-m+fp/hard/crti.o
LOAD /home/phuccd/xpack-arm-none-eabi-gcc-12.2.1-1.2/bin/../lib/gcc/arm-none-eabi/12.2.1/thumb/v7e-m+fp/hard/crtbegin.o
LOAD /home/phuccd/xpack-arm-none-eabi-gcc-12.2.1-1.2/bin/../lib/gcc/arm-none-eabi/12.2.1/../../../../arm-none-eabi/lib/thumb/v7e-m+fp/hard/crt0.o
LOAD build/main.o
LOAD build/stm32g4xx_it.o
LOAD build/stm32g4xx_hal_msp.o
LOAD build/stm32g4xx_hal_tim.o
LOAD build/stm32g4xx_hal_tim_ex.o
LOAD build/stm32g4xx_hal_pwr_ex.o
LOAD build/stm32g4xx_hal.o
LOAD build/stm32g4xx_hal_rcc.o
LOAD build/stm32g4xx_hal_rcc_ex.o
LOAD build/stm32g4xx_hal_flash.o
LOAD build/stm32g4xx_hal_flash_ex.o
LOAD build/stm32g4xx_hal_flash_ramfunc.o
LOAD build/stm32g4xx_hal_gpio.o
LOAD build/stm32g4xx_hal_exti.o
LOAD build/stm32g4xx_hal_dma.o
LOAD build/stm32g4xx_hal_dma_ex.o
LOAD build/stm32g4xx_hal_pwr.o
LOAD build/stm32g4xx_hal_cortex.o
LOAD build/system_stm32g4xx.o
LOAD build/startup_stm32g474xx.o
LOAD /home/phuccd/xpack-arm-none-eabi-gcc-12.2.1-1.2/bin/../lib/gcc/arm-none-eabi/12.2.1/../../../../arm-none-eabi/lib/thumb/v7e-m+fp/hard/libc_nano.a
LOAD /home/phuccd/xpack-arm-none-eabi-gcc-12.2.1-1.2/bin/../lib/gcc/arm-none-eabi/12.2.1/../../../../arm-none-eabi/lib/thumb/v7e-m+fp/hard/libm.a
LOAD /home/phuccd/xpack-arm-none-eabi-gcc-12.2.1-1.2/bin/../lib/gcc/arm-none-eabi/12.2.1/../../../../arm-none-eabi/lib/thumb/v7e-m+fp/hard/libnosys.a
START GROUP
LOAD /home/phuccd/xpack-arm-none-eabi-gcc-12.2.1-1.2/bin/../lib/gcc/arm-none-eabi/12.2.1/thumb/v7e-m+fp/hard/libgcc.a
LOAD /home/phuccd/xpack-arm-none-eabi-gcc-12.2.1-1.2/bin/../lib/gcc/arm-none-eabi/12.2.1/../../../../arm-none-eabi/lib/thumb/v7e-m+fp/hard/libc_nano.a
END GROUP
START GROUP
LOAD /home/phuccd/xpack-arm-none-eabi-gcc-12.2.1-1.2/bin/../lib/gcc/arm-none-eabi/12.2.1/thumb/v7e-m+fp/hard/libgcc.a
LOAD /home/phuccd/xpack-arm-none-eabi-gcc-12.2.1-1.2/bin/../lib/gcc/arm-none-eabi/12.2.1/../../../../arm-none-eabi/lib/thumb/v7e-m+fp/hard/libc_nano.a
END GROUP
LOAD /home/phuccd/xpack-arm-none-eabi-gcc-12.2.1-1.2/bin/../lib/gcc/arm-none-eabi/12.2.1/thumb/v7e-m+fp/hard/crtend.o
LOAD /home/phuccd/xpack-arm-none-eabi-gcc-12.2.1-1.2/bin/../lib/gcc/arm-none-eabi/12.2.1/thumb/v7e-m+fp/hard/crtn.o
                0x20020000                _estack = (ORIGIN (RAM) + LENGTH (RAM))
                0x00000200                _Min_Heap_Size = 0x200
                0x00000400                _Min_Stack_Size = 0x400

.isr_vector     0x08000000      0x1d8
                0x08000000                . = ALIGN (0x4)
 *(.isr_vector)
 .isr_vector    0x08000000      0x1d8 build/startup_stm32g474xx.o
                0x08000000                g_pfnVectors
                0x080001d8                . = ALIGN (0x4)

.text           0x080001d8     0x1b30
                0x080001d8                . = ALIGN (0x4)
 *(.text)
 *(.text*)
 .text.__do_global_dtors_aux
                0x080001d8       0x24 /home/phuccd/xpack-arm-none-eabi-gcc-12.2.1-1.2/bin/../lib/gcc/arm-none-eabi/12.2.1/thumb/v7e-m+fp/hard/crtbegin.o
 .text.frame_dummy
                0x080001fc       0x1c /home/phuccd/xpack-arm-none-eabi-gcc-12.2.1-1.2/bin/../lib/gcc/arm-none-eabi/12.2.1/thumb/v7e-m+fp/hard/crtbegin.o
 .text.MX_GPIO_Init
                0x08000218       0x74 build/main.o
 .text.Error_Handler
                0x0800028c        0x4 build/main.o
                0x0800028c                Error_Handler
 .text.MX_TIM1_Init
                0x08000290       0xec build/main.o
 .text.SystemClock_Config
                0x0800037c       0x6e build/main.o
                0x0800037c                SystemClock_Config
 *fill*         0x080003ea        0x2 
 .text.main     0x080003ec       0x28 build/main.o
                0x080003ec                main
 .text.NMI_Handler
                0x08000414        0x2 build/stm32g4xx_it.o
                0x08000414                NMI_Handler
 .text.HardFault_Handler
                0x08000416        0x2 build/stm32g4xx_it.o
                0x08000416                HardFault_Handler
 .text.MemManage_Handler
                0x08000418        0x2 build/stm32g4xx_it.o
                0x08000418                MemManage_Handler
 .text.BusFault_Handler
                0x0800041a        0x2 build/stm32g4xx_it.o
                0x0800041a                BusFault_Handler
 .text.UsageFault_Handler
                0x0800041c        0x2 build/stm32g4xx_it.o
                0x0800041c                UsageFault_Handler
 .text.SVC_Handler
                0x0800041e        0x2 build/stm32g4xx_it.o
                0x0800041e                SVC_Handler
 .text.DebugMon_Handler
                0x08000420        0x2 build/stm32g4xx_it.o
                0x08000420                DebugMon_Handler
 .text.PendSV_Handler
                0x08000422        0x2 build/stm32g4xx_it.o
                0x08000422                PendSV_Handler
 .text.SysTick_Handler
                0x08000424        0x8 build/stm32g4xx_it.o
                0x08000424                SysTick_Handler
 .text.HAL_MspInit
                0x0800042c       0x38 build/stm32g4xx_hal_msp.o
                0x0800042c                HAL_MspInit
 .text.HAL_TIM_Base_MspInit
                0x08000464       0x2c build/stm32g4xx_hal_msp.o
                0x08000464                HAL_TIM_Base_MspInit
 .text.HAL_TIM_MspPostInit
                0x08000490       0x50 build/stm32g4xx_hal_msp.o
                0x08000490                HAL_TIM_MspPostInit
 .text.TIM_OC1_SetConfig
                0x080004e0       0xac build/stm32g4xx_hal_tim.o
 .text.TIM_OC3_SetConfig
                0x0800058c       0x9c build/stm32g4xx_hal_tim.o
 .text.TIM_OC4_SetConfig
                0x08000628       0x9c build/stm32g4xx_hal_tim.o
 .text.TIM_OC5_SetConfig
                0x080006c4       0x70 build/stm32g4xx_hal_tim.o
 .text.TIM_OC6_SetConfig
                0x08000734       0x74 build/stm32g4xx_hal_tim.o
 .text.TIM_TI1_ConfigInputStage
                0x080007a8       0x26 build/stm32g4xx_hal_tim.o
 .text.TIM_TI2_ConfigInputStage
                0x080007ce       0x28 build/stm32g4xx_hal_tim.o
 .text.TIM_ITRx_SetConfig
                0x080007f6       0x14 build/stm32g4xx_hal_tim.o
 .text.HAL_TIM_PWM_MspInit
                0x0800080a        0x2 build/stm32g4xx_hal_tim.o
                0x0800080a                HAL_TIM_PWM_MspInit
 .text.TIM_Base_SetConfig
                0x0800080c       0xe0 build/stm32g4xx_hal_tim.o
                0x0800080c                TIM_Base_SetConfig
 .text.HAL_TIM_Base_Init
                0x080008ec       0x60 build/stm32g4xx_hal_tim.o
                0x080008ec                HAL_TIM_Base_Init
 .text.HAL_TIM_PWM_Init
                0x0800094c       0x60 build/stm32g4xx_hal_tim.o
                0x0800094c                HAL_TIM_PWM_Init
 .text.TIM_OC2_SetConfig
                0x080009ac       0x9c build/stm32g4xx_hal_tim.o
                0x080009ac                TIM_OC2_SetConfig
 .text.HAL_TIM_PWM_ConfigChannel
                0x08000a48      0x13a build/stm32g4xx_hal_tim.o
                0x08000a48                HAL_TIM_PWM_ConfigChannel
 .text.TIM_ETR_SetConfig
                0x08000b82       0x1a build/stm32g4xx_hal_tim.o
                0x08000b82                TIM_ETR_SetConfig
 .text.HAL_TIM_ConfigClockSource
                0x08000b9c      0x154 build/stm32g4xx_hal_tim.o
                0x08000b9c                HAL_TIM_ConfigClockSource
 .text.TIM_CCxChannelCmd
                0x08000cf0       0x1e build/stm32g4xx_hal_tim.o
                0x08000cf0                TIM_CCxChannelCmd
 *fill*         0x08000d0e        0x2 
 .text.HAL_TIM_PWM_Start
                0x08000d10      0x17c build/stm32g4xx_hal_tim.o
                0x08000d10                HAL_TIM_PWM_Start
 .text.HAL_TIMEx_MasterConfigSynchronization
                0x08000e8c       0xac build/stm32g4xx_hal_tim_ex.o
                0x08000e8c                HAL_TIMEx_MasterConfigSynchronization
 .text.HAL_TIMEx_ConfigBreakDeadTime
                0x08000f38       0xd4 build/stm32g4xx_hal_tim_ex.o
                0x08000f38                HAL_TIMEx_ConfigBreakDeadTime
 .text.HAL_PWREx_ControlVoltageScaling
                0x0800100c      0x10c build/stm32g4xx_hal_pwr_ex.o
                0x0800100c                HAL_PWREx_ControlVoltageScaling
 .text.HAL_PWREx_DisableUCPDDeadBattery
                0x08001118       0x10 build/stm32g4xx_hal_pwr_ex.o
                0x08001118                HAL_PWREx_DisableUCPDDeadBattery
 .text.HAL_InitTick
                0x08001128       0x50 build/stm32g4xx_hal.o
                0x08001128                HAL_InitTick
 .text.HAL_Init
                0x08001178       0x1e build/stm32g4xx_hal.o
                0x08001178                HAL_Init
 *fill*         0x08001196        0x2 
 .text.HAL_IncTick
                0x08001198       0x18 build/stm32g4xx_hal.o
                0x08001198                HAL_IncTick
 .text.HAL_GetTick
                0x080011b0        0xc build/stm32g4xx_hal.o
                0x080011b0                HAL_GetTick
 .text.RCC_GetSysClockFreqFromPLLSource
                0x080011bc       0x58 build/stm32g4xx_hal_rcc.o
 .text.HAL_RCC_OscConfig
                0x08001214      0x4e8 build/stm32g4xx_hal_rcc.o
                0x08001214                HAL_RCC_OscConfig
 .text.HAL_RCC_GetSysClockFreq
                0x080016fc       0x88 build/stm32g4xx_hal_rcc.o
                0x080016fc                HAL_RCC_GetSysClockFreq
 .text.HAL_RCC_ClockConfig
                0x08001784      0x1f8 build/stm32g4xx_hal_rcc.o
                0x08001784                HAL_RCC_ClockConfig
 .text.HAL_GPIO_Init
                0x0800197c      0x1d4 build/stm32g4xx_hal_gpio.o
                0x0800197c                HAL_GPIO_Init
 .text.HAL_GPIO_WritePin
                0x08001b50        0xa build/stm32g4xx_hal_gpio.o
                0x08001b50                HAL_GPIO_WritePin
 *fill*         0x08001b5a        0x2 
 .text.__NVIC_SetPriority
                0x08001b5c       0x28 build/stm32g4xx_hal_cortex.o
 .text.NVIC_EncodePriority
                0x08001b84       0x3e build/stm32g4xx_hal_cortex.o
 *fill*         0x08001bc2        0x2 
 .text.HAL_NVIC_SetPriorityGrouping
                0x08001bc4       0x24 build/stm32g4xx_hal_cortex.o
                0x08001bc4                HAL_NVIC_SetPriorityGrouping
 .text.HAL_NVIC_SetPriority
                0x08001be8       0x20 build/stm32g4xx_hal_cortex.o
                0x08001be8                HAL_NVIC_SetPriority
 .text.HAL_SYSTICK_Config
                0x08001c08       0x28 build/stm32g4xx_hal_cortex.o
                0x08001c08                HAL_SYSTICK_Config
 .text.SystemInit
                0x08001c30       0x14 build/system_stm32g4xx.o
                0x08001c30                SystemInit
 .text.Reset_Handler
                0x08001c44       0x50 build/startup_stm32g474xx.o
                0x08001c44                Reset_Handler
 .text.Default_Handler
                0x08001c94        0x2 build/startup_stm32g474xx.o
                0x08001c94                RTC_Alarm_IRQHandler
                0x08001c94                EXTI2_IRQHandler
                0x08001c94                TIM8_TRG_COM_IRQHandler
                0x08001c94                TIM8_CC_IRQHandler
                0x08001c94                HRTIM1_Master_IRQHandler
                0x08001c94                SPI4_IRQHandler
                0x08001c94                FDCAN3_IT0_IRQHandler
                0x08001c94                TIM1_CC_IRQHandler
                0x08001c94                HRTIM1_FLT_IRQHandler
                0x08001c94                HRTIM1_TIMF_IRQHandler
                0x08001c94                USB_HP_IRQHandler
                0x08001c94                CORDIC_IRQHandler
                0x08001c94                HRTIM1_TIMD_IRQHandler
                0x08001c94                DMA2_Channel8_IRQHandler
                0x08001c94                EXTI3_IRQHandler
                0x08001c94                I2C3_ER_IRQHandler
                0x08001c94                EXTI0_IRQHandler
                0x08001c94                I2C2_EV_IRQHandler
                0x08001c94                FPU_IRQHandler
                0x08001c94                FDCAN1_IT1_IRQHandler
                0x08001c94                TIM1_UP_TIM16_IRQHandler
                0x08001c94                ADC1_2_IRQHandler
                0x08001c94                HRTIM1_TIME_IRQHandler
                0x08001c94                SPI1_IRQHandler
                0x08001c94                TIM6_DAC_IRQHandler
                0x08001c94                HRTIM1_TIMC_IRQHandler
                0x08001c94                TIM8_UP_IRQHandler
                0x08001c94                DMA2_Channel2_IRQHandler
                0x08001c94                DMA1_Channel4_IRQHandler
                0x08001c94                TIM20_TRG_COM_IRQHandler
                0x08001c94                USART3_IRQHandler
                0x08001c94                DMA1_Channel7_IRQHandler
                0x08001c94                UART5_IRQHandler
                0x08001c94                ADC3_IRQHandler
                0x08001c94                TIM4_IRQHandler
                0x08001c94                DMA2_Channel1_IRQHandler
                0x08001c94                QUADSPI_IRQHandler
                0x08001c94                I2C1_EV_IRQHandler
                0x08001c94                DMA1_Channel6_IRQHandler
                0x08001c94                UART4_IRQHandler
                0x08001c94                DMA2_Channel4_IRQHandler
                0x08001c94                TIM3_IRQHandler
                0x08001c94                RCC_IRQHandler
                0x08001c94                TIM20_UP_IRQHandler
                0x08001c94                DMA1_Channel1_IRQHandler
                0x08001c94                Default_Handler
                0x08001c94                DMA2_Channel7_IRQHandler
                0x08001c94                RTC_TAMP_LSECSS_IRQHandler
                0x08001c94                FMAC_IRQHandler
                0x08001c94                EXTI15_10_IRQHandler
                0x08001c94                DMA1_Channel8_IRQHandler
                0x08001c94                HRTIM1_TIMA_IRQHandler
                0x08001c94                TIM7_DAC_IRQHandler
                0x08001c94                FDCAN3_IT1_IRQHandler
                0x08001c94                TIM5_IRQHandler
                0x08001c94                UCPD1_IRQHandler
                0x08001c94                I2C3_EV_IRQHandler
                0x08001c94                EXTI9_5_IRQHandler
                0x08001c94                RTC_WKUP_IRQHandler
                0x08001c94                PVD_PVM_IRQHandler
                0x08001c94                SPI2_IRQHandler
                0x08001c94                ADC5_IRQHandler
                0x08001c94                DMA2_Channel5_IRQHandler
                0x08001c94                CRS_IRQHandler
                0x08001c94                DMA1_Channel5_IRQHandler
                0x08001c94                USB_LP_IRQHandler
                0x08001c94                EXTI4_IRQHandler
                0x08001c94                RNG_IRQHandler
                0x08001c94                HRTIM1_TIMB_IRQHandler
                0x08001c94                TIM1_TRG_COM_TIM17_IRQHandler
                0x08001c94                FDCAN2_IT1_IRQHandler
                0x08001c94                DMA1_Channel3_IRQHandler
                0x08001c94                ADC4_IRQHandler
                0x08001c94                WWDG_IRQHandler
                0x08001c94                I2C4_EV_IRQHandler
                0x08001c94                FDCAN2_IT0_IRQHandler
                0x08001c94                LPUART1_IRQHandler
                0x08001c94                DMA2_Channel6_IRQHandler
                0x08001c94                FDCAN1_IT0_IRQHandler
                0x08001c94                TIM2_IRQHandler
                0x08001c94                COMP7_IRQHandler
                0x08001c94                COMP1_2_3_IRQHandler
                0x08001c94                EXTI1_IRQHandler
                0x08001c94                USART2_IRQHandler
                0x08001c94                COMP4_5_6_IRQHandler
                0x08001c94                TIM20_BRK_IRQHandler
                0x08001c94                I2C2_ER_IRQHandler
                0x08001c94                DMA1_Channel2_IRQHandler
                0x08001c94                TIM8_BRK_IRQHandler
                0x08001c94                FLASH_IRQHandler
                0x08001c94                TIM20_CC_IRQHandler
                0x08001c94                USART1_IRQHandler
                0x08001c94                SPI3_IRQHandler
                0x08001c94                I2C1_ER_IRQHandler
                0x08001c94                FMC_IRQHandler
                0x08001c94                LPTIM1_IRQHandler
                0x08001c94                DMAMUX_OVR_IRQHandler
                0x08001c94                I2C4_ER_IRQHandler
                0x08001c94                USBWakeUp_IRQHandler
                0x08001c94                SAI1_IRQHandler
                0x08001c94                DMA2_Channel3_IRQHandler
                0x08001c94                TIM1_BRK_TIM15_IRQHandler
 .text.memset   0x08001c96       0x10 /home/phuccd/xpack-arm-none-eabi-gcc-12.2.1-1.2/bin/../lib/gcc/arm-none-eabi/12.2.1/../../../../arm-none-eabi/lib/thumb/v7e-m+fp/hard/libc_nano.a(libc_a-memset.o)
                0x08001c96                memset
 *fill*         0x08001ca6        0x2 
 .text.__libc_init_array
                0x08001ca8       0x48 /home/phuccd/xpack-arm-none-eabi-gcc-12.2.1-1.2/bin/../lib/gcc/arm-none-eabi/12.2.1/../../../../arm-none-eabi/lib/thumb/v7e-m+fp/hard/libc_nano.a(libc_a-init.o)
                0x08001ca8                __libc_init_array
 *(.glue_7)
 .glue_7        0x08001cf0        0x0 linker stubs
 *(.glue_7t)
 .glue_7t       0x08001cf0        0x0 linker stubs
 *(.eh_frame)
 .eh_frame      0x08001cf0        0x0 /home/phuccd/xpack-arm-none-eabi-gcc-12.2.1-1.2/bin/../lib/gcc/arm-none-eabi/12.2.1/thumb/v7e-m+fp/hard/crtbegin.o
 *(.init)
 .init          0x08001cf0        0x4 /home/phuccd/xpack-arm-none-eabi-gcc-12.2.1-1.2/bin/../lib/gcc/arm-none-eabi/12.2.1/thumb/v7e-m+fp/hard/crti.o
                0x08001cf0                _init
 .init          0x08001cf4        0x8 /home/phuccd/xpack-arm-none-eabi-gcc-12.2.1-1.2/bin/../lib/gcc/arm-none-eabi/12.2.1/thumb/v7e-m+fp/hard/crtn.o
 *(.fini)
 .fini          0x08001cfc        0x4 /home/phuccd/xpack-arm-none-eabi-gcc-12.2.1-1.2/bin/../lib/gcc/arm-none-eabi/12.2.1/thumb/v7e-m+fp/hard/crti.o
                0x08001cfc                _fini
 .fini          0x08001d00        0x8 /home/phuccd/xpack-arm-none-eabi-gcc-12.2.1-1.2/bin/../lib/gcc/arm-none-eabi/12.2.1/thumb/v7e-m+fp/hard/crtn.o
                0x08001d08                . = ALIGN (0x4)
                0x08001d08                _etext = .

.vfp11_veneer   0x08001d08        0x0
 .vfp11_veneer  0x08001d08        0x0 linker stubs

.v4_bx          0x08001d08        0x0
 .v4_bx         0x08001d08        0x0 linker stubs

.iplt           0x08001d08        0x0
 .iplt          0x08001d08        0x0 /home/phuccd/xpack-arm-none-eabi-gcc-12.2.1-1.2/bin/../lib/gcc/arm-none-eabi/12.2.1/thumb/v7e-m+fp/hard/crtbegin.o

.rodata         0x08001d08       0x10
                0x08001d08                . = ALIGN (0x4)
 *(.rodata)
 *(.rodata*)
 .rodata.AHBPrescTable
                0x08001d08       0x10 build/system_stm32g4xx.o
                0x08001d08                AHBPrescTable
                0x08001d18                . = ALIGN (0x4)

.rel.dyn        0x08001d18        0x0
 .rel.iplt      0x08001d18        0x0 /home/phuccd/xpack-arm-none-eabi-gcc-12.2.1-1.2/bin/../lib/gcc/arm-none-eabi/12.2.1/thumb/v7e-m+fp/hard/crtbegin.o

.ARM.extab
 *(.ARM.extab* .gnu.linkonce.armextab.*)

.ARM            0x08001d18        0x0
                0x08001d18                __exidx_start = .
 *(.ARM.exidx*)
                0x08001d18                __exidx_end = .

.preinit_array  0x08001d18        0x0
                0x08001d18                PROVIDE (__preinit_array_start = .)
 *(.preinit_array*)
                0x08001d18                PROVIDE (__preinit_array_end = .)

.init_array     0x08001d18        0x4
                0x08001d18                PROVIDE (__init_array_start = .)
 *(SORT_BY_NAME(.init_array.*))
 *(.init_array*)
 .init_array    0x08001d18        0x4 /home/phuccd/xpack-arm-none-eabi-gcc-12.2.1-1.2/bin/../lib/gcc/arm-none-eabi/12.2.1/thumb/v7e-m+fp/hard/crtbegin.o
                0x08001d1c                PROVIDE (__init_array_end = .)

.fini_array     0x08001d1c        0x4
                0x08001d1c                PROVIDE (__fini_array_start = .)
 *(SORT_BY_NAME(.fini_array.*))
 *(.fini_array*)
 .fini_array    0x08001d1c        0x4 /home/phuccd/xpack-arm-none-eabi-gcc-12.2.1-1.2/bin/../lib/gcc/arm-none-eabi/12.2.1/thumb/v7e-m+fp/hard/crtbegin.o
                0x08001d20                PROVIDE (__fini_array_end = .)
                0x08001d20                _sidata = LOADADDR (.data)

.data           0x20000000        0xc load address 0x08001d20
                0x20000000                . = ALIGN (0x4)
                0x20000000                _sdata = .
 *(.data)
 *(.data*)
 .data.uwTickFreq
                0x20000000        0x4 build/stm32g4xx_hal.o
                0x20000000                uwTickFreq
 .data.uwTickPrio
                0x20000004        0x4 build/stm32g4xx_hal.o
                0x20000004                uwTickPrio
 .data.SystemCoreClock
                0x20000008        0x4 build/system_stm32g4xx.o
                0x20000008                SystemCoreClock
                0x2000000c                . = ALIGN (0x4)
                0x2000000c                _edata = .

.igot.plt       0x2000000c        0x0 load address 0x08001d2c
 .igot.plt      0x2000000c        0x0 /home/phuccd/xpack-arm-none-eabi-gcc-12.2.1-1.2/bin/../lib/gcc/arm-none-eabi/12.2.1/thumb/v7e-m+fp/hard/crtbegin.o
                0x2000000c                . = ALIGN (0x4)

.bss            0x2000000c       0x6c load address 0x08001d2c
                0x2000000c                _sbss = .
                0x2000000c                __bss_start__ = _sbss
 *(.bss)
 *(.bss*)
 .bss.completed.1
                0x2000000c        0x1 /home/phuccd/xpack-arm-none-eabi-gcc-12.2.1-1.2/bin/../lib/gcc/arm-none-eabi/12.2.1/thumb/v7e-m+fp/hard/crtbegin.o
 *fill*         0x2000000d        0x3 
 .bss.object.0  0x20000010       0x18 /home/phuccd/xpack-arm-none-eabi-gcc-12.2.1-1.2/bin/../lib/gcc/arm-none-eabi/12.2.1/thumb/v7e-m+fp/hard/crtbegin.o
 .bss.htim1     0x20000028       0x4c build/main.o
                0x20000028                htim1
 .bss.uwTick    0x20000074        0x4 build/stm32g4xx_hal.o
                0x20000074                uwTick
 *(COMMON)
                0x20000078                . = ALIGN (0x4)
                0x20000078                _ebss = .
                0x20000078                __bss_end__ = _ebss

._user_heap_stack
                0x20000078      0x600 load address 0x08001d2c
                0x20000078                . = ALIGN (0x8)
                0x20000078                PROVIDE (end = .)
                [!provide]                PROVIDE (_end = .)
                0x20000278                . = (. + _Min_Heap_Size)
 *fill*         0x20000078      0x200 
                0x20000678                . = (. + _Min_Stack_Size)
 *fill*         0x20000278      0x400 
                0x20000678                . = ALIGN (0x8)

/DISCARD/
 libc.a(*)
 libm.a(*)
 libgcc.a(*)

.ARM.attributes
                0x00000000       0x30
 *(.ARM.attributes)
 .ARM.attributes
                0x00000000       0x22 /home/phuccd/xpack-arm-none-eabi-gcc-12.2.1-1.2/bin/../lib/gcc/arm-none-eabi/12.2.1/thumb/v7e-m+fp/hard/crti.o
 .ARM.attributes
                0x00000022       0x34 /home/phuccd/xpack-arm-none-eabi-gcc-12.2.1-1.2/bin/../lib/gcc/arm-none-eabi/12.2.1/thumb/v7e-m+fp/hard/crtbegin.o
 .ARM.attributes
                0x00000056       0x34 build/main.o
 .ARM.attributes
                0x0000008a       0x34 build/stm32g4xx_it.o
 .ARM.attributes
                0x000000be       0x34 build/stm32g4xx_hal_msp.o
 .ARM.attributes
                0x000000f2       0x34 build/stm32g4xx_hal_tim.o
 .ARM.attributes
                0x00000126       0x34 build/stm32g4xx_hal_tim_ex.o
 .ARM.attributes
                0x0000015a       0x34 build/stm32g4xx_hal_pwr_ex.o
 .ARM.attributes
                0x0000018e       0x34 build/stm32g4xx_hal.o
 .ARM.attributes
                0x000001c2       0x34 build/stm32g4xx_hal_rcc.o
 .ARM.attributes
                0x000001f6       0x34 build/stm32g4xx_hal_gpio.o
 .ARM.attributes
                0x0000022a       0x34 build/stm32g4xx_hal_cortex.o
 .ARM.attributes
                0x0000025e       0x34 build/system_stm32g4xx.o
 .ARM.attributes
                0x00000292       0x21 build/startup_stm32g474xx.o
 .ARM.attributes
                0x000002b3       0x34 /home/phuccd/xpack-arm-none-eabi-gcc-12.2.1-1.2/bin/../lib/gcc/arm-none-eabi/12.2.1/../../../../arm-none-eabi/lib/thumb/v7e-m+fp/hard/libc_nano.a(libc_a-memset.o)
 .ARM.attributes
                0x000002e7       0x34 /home/phuccd/xpack-arm-none-eabi-gcc-12.2.1-1.2/bin/../lib/gcc/arm-none-eabi/12.2.1/../../../../arm-none-eabi/lib/thumb/v7e-m+fp/hard/libc_nano.a(libc_a-init.o)
 .ARM.attributes
                0x0000031b       0x22 /home/phuccd/xpack-arm-none-eabi-gcc-12.2.1-1.2/bin/../lib/gcc/arm-none-eabi/12.2.1/thumb/v7e-m+fp/hard/crtn.o
OUTPUT(build/pwm.elf elf32-littlearm)
LOAD linker stubs
LOAD /home/phuccd/xpack-arm-none-eabi-gcc-12.2.1-1.2/bin/../lib/gcc/arm-none-eabi/12.2.1/../../../../arm-none-eabi/lib/thumb/v7e-m+fp/hard/libc.a
LOAD /home/phuccd/xpack-arm-none-eabi-gcc-12.2.1-1.2/bin/../lib/gcc/arm-none-eabi/12.2.1/../../../../arm-none-eabi/lib/thumb/v7e-m+fp/hard/libm.a
LOAD /home/phuccd/xpack-arm-none-eabi-gcc-12.2.1-1.2/bin/../lib/gcc/arm-none-eabi/12.2.1/thumb/v7e-m+fp/hard/libgcc.a

.comment        0x00000000       0x39
 .comment       0x00000000       0x39 /home/phuccd/xpack-arm-none-eabi-gcc-12.2.1-1.2/bin/../lib/gcc/arm-none-eabi/12.2.1/thumb/v7e-m+fp/hard/crtbegin.o
                                 0x3a (size before relaxing)
 .comment       0x00000039       0x3a build/main.o
 .comment       0x00000039       0x3a build/stm32g4xx_it.o
 .comment       0x00000039       0x3a build/stm32g4xx_hal_msp.o
 .comment       0x00000039       0x3a build/stm32g4xx_hal_tim.o
 .comment       0x00000039       0x3a build/stm32g4xx_hal_tim_ex.o
 .comment       0x00000039       0x3a build/stm32g4xx_hal_pwr_ex.o
 .comment       0x00000039       0x3a build/stm32g4xx_hal.o
 .comment       0x00000039       0x3a build/stm32g4xx_hal_rcc.o
 .comment       0x00000039       0x3a build/stm32g4xx_hal_gpio.o
 .comment       0x00000039       0x3a build/stm32g4xx_hal_cortex.o
 .comment       0x00000039       0x3a build/system_stm32g4xx.o
 .comment       0x00000039       0x3a /home/phuccd/xpack-arm-none-eabi-gcc-12.2.1-1.2/bin/../lib/gcc/arm-none-eabi/12.2.1/../../../../arm-none-eabi/lib/thumb/v7e-m+fp/hard/libc_nano.a(libc_a-memset.o)
 .comment       0x00000039       0x3a /home/phuccd/xpack-arm-none-eabi-gcc-12.2.1-1.2/bin/../lib/gcc/arm-none-eabi/12.2.1/../../../../arm-none-eabi/lib/thumb/v7e-m+fp/hard/libc_nano.a(libc_a-init.o)

.debug_info     0x00000000     0xdb5a
 .debug_info    0x00000000     0x1583 build/main.o
 .debug_info    0x00001583      0x158 build/stm32g4xx_it.o
 .debug_info    0x000016db      0xdff build/stm32g4xx_hal_msp.o
 .debug_info    0x000024da     0x43e4 build/stm32g4xx_hal_tim.o
 .debug_info    0x000068be     0x2845 build/stm32g4xx_hal_tim_ex.o
 .debug_info    0x00009103      0xb1d build/stm32g4xx_hal_pwr_ex.o
 .debug_info    0x00009c20      0xd78 build/stm32g4xx_hal.o
 .debug_info    0x0000a998     0x1065 build/stm32g4xx_hal_rcc.o
 .debug_info    0x0000b9fd      0x92d build/stm32g4xx_hal_gpio.o
 .debug_info    0x0000c32a     0x11b7 build/stm32g4xx_hal_cortex.o
 .debug_info    0x0000d4e1      0x649 build/system_stm32g4xx.o
 .debug_info    0x0000db2a       0x30 build/startup_stm32g474xx.o

.debug_abbrev   0x00000000     0x19c1
 .debug_abbrev  0x00000000      0x291 build/main.o
 .debug_abbrev  0x00000291       0x80 build/stm32g4xx_it.o
 .debug_abbrev  0x00000311      0x21a build/stm32g4xx_hal_msp.o
 .debug_abbrev  0x0000052b      0x2c5 build/stm32g4xx_hal_tim.o
 .debug_abbrev  0x000007f0      0x2d4 build/stm32g4xx_hal_tim_ex.o
 .debug_abbrev  0x00000ac4      0x263 build/stm32g4xx_hal_pwr_ex.o
 .debug_abbrev  0x00000d27      0x298 build/stm32g4xx_hal.o
 .debug_abbrev  0x00000fbf      0x2de build/stm32g4xx_hal_rcc.o
 .debug_abbrev  0x0000129d      0x222 build/stm32g4xx_hal_gpio.o
 .debug_abbrev  0x000014bf      0x3ca build/stm32g4xx_hal_cortex.o
 .debug_abbrev  0x00001889      0x11b build/system_stm32g4xx.o
 .debug_abbrev  0x000019a4       0x1d build/startup_stm32g474xx.o

.debug_loc      0x00000000     0xb7d7
 .debug_loc     0x00000000       0xe4 build/main.o
 .debug_loc     0x000000e4       0x20 build/stm32g4xx_it.o
 .debug_loc     0x00000104       0xea build/stm32g4xx_hal_msp.o
 .debug_loc     0x000001ee     0x63aa build/stm32g4xx_hal_tim.o
 .debug_loc     0x00006598     0x3085 build/stm32g4xx_hal_tim_ex.o
 .debug_loc     0x0000961d      0x8ad build/stm32g4xx_hal_pwr_ex.o
 .debug_loc     0x00009eca      0x2af build/stm32g4xx_hal.o
 .debug_loc     0x0000a179      0x999 build/stm32g4xx_hal_rcc.o
 .debug_loc     0x0000ab12      0x46f build/stm32g4xx_hal_gpio.o
 .debug_loc     0x0000af81      0x7b9 build/stm32g4xx_hal_cortex.o
 .debug_loc     0x0000b73a       0x9d build/system_stm32g4xx.o

.debug_aranges  0x00000000      0xb88
 .debug_aranges
                0x00000000       0x40 build/main.o
 .debug_aranges
                0x00000040       0x60 build/stm32g4xx_it.o
 .debug_aranges
                0x000000a0       0x38 build/stm32g4xx_hal_msp.o
 .debug_aranges
                0x000000d8      0x3e0 build/stm32g4xx_hal_tim.o
 .debug_aranges
                0x000004b8      0x240 build/stm32g4xx_hal_tim_ex.o
 .debug_aranges
                0x000006f8      0x140 build/stm32g4xx_hal_pwr_ex.o
 .debug_aranges
                0x00000838      0x130 build/stm32g4xx_hal.o
 .debug_aranges
                0x00000968       0x98 build/stm32g4xx_hal_rcc.o
 .debug_aranges
                0x00000a00       0x58 build/stm32g4xx_hal_gpio.o
 .debug_aranges
                0x00000a58       0xe0 build/stm32g4xx_hal_cortex.o
 .debug_aranges
                0x00000b38       0x28 build/system_stm32g4xx.o
 .debug_aranges
                0x00000b60       0x28 build/startup_stm32g474xx.o

.debug_ranges   0x00000000      0xae8
 .debug_ranges  0x00000000       0x30 build/main.o
 .debug_ranges  0x00000030       0x50 build/stm32g4xx_it.o
 .debug_ranges  0x00000080       0x28 build/stm32g4xx_hal_msp.o
 .debug_ranges  0x000000a8      0x3d0 build/stm32g4xx_hal_tim.o
 .debug_ranges  0x00000478      0x230 build/stm32g4xx_hal_tim_ex.o
 .debug_ranges  0x000006a8      0x130 build/stm32g4xx_hal_pwr_ex.o
 .debug_ranges  0x000007d8      0x120 build/stm32g4xx_hal.o
 .debug_ranges  0x000008f8       0xa0 build/stm32g4xx_hal_rcc.o
 .debug_ranges  0x00000998       0x48 build/stm32g4xx_hal_gpio.o
 .debug_ranges  0x000009e0       0xd0 build/stm32g4xx_hal_cortex.o
 .debug_ranges  0x00000ab0       0x18 build/system_stm32g4xx.o
 .debug_ranges  0x00000ac8       0x20 build/startup_stm32g474xx.o

.debug_line     0x00000000     0xb0b0
 .debug_line    0x00000000      0x536 build/main.o
 .debug_line    0x00000536      0x177 build/stm32g4xx_it.o
 .debug_line    0x000006ad      0x29c build/stm32g4xx_hal_msp.o
 .debug_line    0x00000949     0x5173 build/stm32g4xx_hal_tim.o
 .debug_line    0x00005abc     0x2632 build/stm32g4xx_hal_tim_ex.o
 .debug_line    0x000080ee      0xa3b build/stm32g4xx_hal_pwr_ex.o
 .debug_line    0x00008b29      0x678 build/stm32g4xx_hal.o
 .debug_line    0x000091a1      0xdd1 build/stm32g4xx_hal_rcc.o
 .debug_line    0x00009f72      0x690 build/stm32g4xx_hal_gpio.o
 .debug_line    0x0000a602      0x7fd build/stm32g4xx_hal_cortex.o
 .debug_line    0x0000adff      0x23a build/system_stm32g4xx.o
 .debug_line    0x0000b039       0x77 build/startup_stm32g474xx.o

.debug_str      0x00000000     0x3e41
 .debug_str     0x00000000      0xd8f build/main.o
                                0xe66 (size before relaxing)
 .debug_str     0x00000d8f       0xb4 build/stm32g4xx_it.o
                                0x200 (size before relaxing)
 .debug_str     0x00000e43       0x8f build/stm32g4xx_hal_msp.o
                                0x9f2 (size before relaxing)
 .debug_str     0x00000ed2      0xee9 build/stm32g4xx_hal_tim.o
                               0x186a (size before relaxing)
 .debug_str     0x00001dbb      0x80f build/stm32g4xx_hal_tim_ex.o
                               0x14ed (size before relaxing)
 .debug_str     0x000025ca      0x593 build/stm32g4xx_hal_pwr_ex.o
                                0x7b7 (size before relaxing)
 .debug_str     0x00002b5d      0xa96 build/stm32g4xx_hal.o
                                0xded (size before relaxing)
 .debug_str     0x000035f3      0x2bd build/stm32g4xx_hal_rcc.o
                                0x82a (size before relaxing)
 .debug_str     0x000038b0       0xdc build/stm32g4xx_hal_gpio.o
                                0x515 (size before relaxing)
 .debug_str     0x0000398c      0x446 build/stm32g4xx_hal_cortex.o
                                0xd32 (size before relaxing)
 .debug_str     0x00003dd2       0x3d build/system_stm32g4xx.o
                                0x39c (size before relaxing)
 .debug_str     0x00003e0f       0x32 build/startup_stm32g474xx.o
                                 0x53 (size before relaxing)

.debug_frame    0x00000000     0x1c84
 .debug_frame   0x00000000       0x9c build/main.o
 .debug_frame   0x0000009c       0xa8 build/stm32g4xx_it.o
 .debug_frame   0x00000144       0x74 build/stm32g4xx_hal_msp.o
 .debug_frame   0x000001b8      0xb54 build/stm32g4xx_hal_tim.o
 .debug_frame   0x00000d0c      0x620 build/stm32g4xx_hal_tim_ex.o
 .debug_frame   0x0000132c      0x268 build/stm32g4xx_hal_pwr_ex.o
 .debug_frame   0x00001594      0x274 build/stm32g4xx_hal.o
 .debug_frame   0x00001808      0x198 build/stm32g4xx_hal_rcc.o
 .debug_frame   0x000019a0       0xd0 build/stm32g4xx_hal_gpio.o
 .debug_frame   0x00001a70      0x1e4 build/stm32g4xx_hal_cortex.o
 .debug_frame   0x00001c54       0x30 build/system_stm32g4xx.o

Cross Reference Table

Symbol                                            File
ADC1_2_IRQHandler                                 build/startup_stm32g474xx.o
ADC3_IRQHandler                                   build/startup_stm32g474xx.o
ADC4_IRQHandler                                   build/startup_stm32g474xx.o
ADC5_IRQHandler                                   build/startup_stm32g474xx.o
AHBPrescTable                                     build/system_stm32g4xx.o
                                                  build/stm32g4xx_hal_rcc.o
APBPrescTable                                     build/system_stm32g4xx.o
                                                  build/stm32g4xx_hal_rcc.o
BusFault_Handler                                  build/stm32g4xx_it.o
COMP1_2_3_IRQHandler                              build/startup_stm32g474xx.o
COMP4_5_6_IRQHandler                              build/startup_stm32g474xx.o
COMP7_IRQHandler                                  build/startup_stm32g474xx.o
CORDIC_IRQHandler                                 build/startup_stm32g474xx.o
CRS_IRQHandler                                    build/startup_stm32g474xx.o
DMA1_Channel1_IRQHandler                          build/startup_stm32g474xx.o
DMA1_Channel2_IRQHandler                          build/startup_stm32g474xx.o
DMA1_Channel3_IRQHandler                          build/startup_stm32g474xx.o
DMA1_Channel4_IRQHandler                          build/startup_stm32g474xx.o
DMA1_Channel5_IRQHandler                          build/startup_stm32g474xx.o
DMA1_Channel6_IRQHandler                          build/startup_stm32g474xx.o
DMA1_Channel7_IRQHandler                          build/startup_stm32g474xx.o
DMA1_Channel8_IRQHandler                          build/startup_stm32g474xx.o
DMA2_Channel1_IRQHandler                          build/startup_stm32g474xx.o
DMA2_Channel2_IRQHandler                          build/startup_stm32g474xx.o
DMA2_Channel3_IRQHandler                          build/startup_stm32g474xx.o
DMA2_Channel4_IRQHandler                          build/startup_stm32g474xx.o
DMA2_Channel5_IRQHandler                          build/startup_stm32g474xx.o
DMA2_Channel6_IRQHandler                          build/startup_stm32g474xx.o
DMA2_Channel7_IRQHandler                          build/startup_stm32g474xx.o
DMA2_Channel8_IRQHandler                          build/startup_stm32g474xx.o
DMAMUX_OVR_IRQHandler                             build/startup_stm32g474xx.o
DebugMon_Handler                                  build/stm32g4xx_it.o
Default_Handler                                   build/startup_stm32g474xx.o
EXTI0_IRQHandler                                  build/startup_stm32g474xx.o
EXTI15_10_IRQHandler                              build/startup_stm32g474xx.o
EXTI1_IRQHandler                                  build/startup_stm32g474xx.o
EXTI2_IRQHandler                                  build/startup_stm32g474xx.o
EXTI3_IRQHandler                                  build/startup_stm32g474xx.o
EXTI4_IRQHandler                                  build/startup_stm32g474xx.o
EXTI9_5_IRQHandler                                build/startup_stm32g474xx.o
Error_Handler                                     build/main.o
FDCAN1_IT0_IRQHandler                             build/startup_stm32g474xx.o
FDCAN1_IT1_IRQHandler                             build/startup_stm32g474xx.o
FDCAN2_IT0_IRQHandler                             build/startup_stm32g474xx.o
FDCAN2_IT1_IRQHandler                             build/startup_stm32g474xx.o
FDCAN3_IT0_IRQHandler                             build/startup_stm32g474xx.o
FDCAN3_IT1_IRQHandler                             build/startup_stm32g474xx.o
FLASH_FlushCaches                                 build/stm32g4xx_hal_flash_ex.o
                                                  build/stm32g4xx_hal_flash.o
FLASH_IRQHandler                                  build/startup_stm32g474xx.o
FLASH_PageErase                                   build/stm32g4xx_hal_flash_ex.o
                                                  build/stm32g4xx_hal_flash.o
FLASH_WaitForLastOperation                        build/stm32g4xx_hal_flash.o
                                                  build/stm32g4xx_hal_flash_ex.o
FMAC_IRQHandler                                   build/startup_stm32g474xx.o
FMC_IRQHandler                                    build/startup_stm32g474xx.o
FPU_IRQHandler                                    build/startup_stm32g474xx.o
HAL_DBGMCU_DisableDBGSleepMode                    build/stm32g4xx_hal.o
HAL_DBGMCU_DisableDBGStandbyMode                  build/stm32g4xx_hal.o
HAL_DBGMCU_DisableDBGStopMode                     build/stm32g4xx_hal.o
HAL_DBGMCU_EnableDBGSleepMode                     build/stm32g4xx_hal.o
HAL_DBGMCU_EnableDBGStandbyMode                   build/stm32g4xx_hal.o
HAL_DBGMCU_EnableDBGStopMode                      build/stm32g4xx_hal.o
HAL_DMAEx_ConfigMuxRequestGenerator               build/stm32g4xx_hal_dma_ex.o
HAL_DMAEx_ConfigMuxSync                           build/stm32g4xx_hal_dma_ex.o
HAL_DMAEx_DisableMuxRequestGenerator              build/stm32g4xx_hal_dma_ex.o
HAL_DMAEx_EnableMuxRequestGenerator               build/stm32g4xx_hal_dma_ex.o
HAL_DMAEx_MUX_IRQHandler                          build/stm32g4xx_hal_dma_ex.o
HAL_DMA_Abort                                     build/stm32g4xx_hal_dma.o
HAL_DMA_Abort_IT                                  build/stm32g4xx_hal_dma.o
                                                  build/stm32g4xx_hal_tim_ex.o
                                                  build/stm32g4xx_hal_tim.o
HAL_DMA_DeInit                                    build/stm32g4xx_hal_dma.o
HAL_DMA_GetError                                  build/stm32g4xx_hal_dma.o
HAL_DMA_GetState                                  build/stm32g4xx_hal_dma.o
HAL_DMA_IRQHandler                                build/stm32g4xx_hal_dma.o
HAL_DMA_Init                                      build/stm32g4xx_hal_dma.o
HAL_DMA_PollForTransfer                           build/stm32g4xx_hal_dma.o
HAL_DMA_RegisterCallback                          build/stm32g4xx_hal_dma.o
HAL_DMA_Start                                     build/stm32g4xx_hal_dma.o
HAL_DMA_Start_IT                                  build/stm32g4xx_hal_dma.o
                                                  build/stm32g4xx_hal_tim_ex.o
                                                  build/stm32g4xx_hal_tim.o
HAL_DMA_UnRegisterCallback                        build/stm32g4xx_hal_dma.o
HAL_DeInit                                        build/stm32g4xx_hal.o
HAL_Delay                                         build/stm32g4xx_hal.o
HAL_EXTI_ClearConfigLine                          build/stm32g4xx_hal_exti.o
HAL_EXTI_ClearPending                             build/stm32g4xx_hal_exti.o
HAL_EXTI_GenerateSWI                              build/stm32g4xx_hal_exti.o
HAL_EXTI_GetConfigLine                            build/stm32g4xx_hal_exti.o
HAL_EXTI_GetHandle                                build/stm32g4xx_hal_exti.o
HAL_EXTI_GetPending                               build/stm32g4xx_hal_exti.o
HAL_EXTI_IRQHandler                               build/stm32g4xx_hal_exti.o
HAL_EXTI_RegisterCallback                         build/stm32g4xx_hal_exti.o
HAL_EXTI_SetConfigLine                            build/stm32g4xx_hal_exti.o
HAL_FLASHEx_DisableDebugger                       build/stm32g4xx_hal_flash_ex.o
HAL_FLASHEx_DisableRunPowerDown                   build/stm32g4xx_hal_flash_ramfunc.o
HAL_FLASHEx_EnableDebugger                        build/stm32g4xx_hal_flash_ex.o
HAL_FLASHEx_EnableRunPowerDown                    build/stm32g4xx_hal_flash_ramfunc.o
HAL_FLASHEx_EnableSecMemProtection                build/stm32g4xx_hal_flash_ex.o
HAL_FLASHEx_Erase                                 build/stm32g4xx_hal_flash_ex.o
HAL_FLASHEx_Erase_IT                              build/stm32g4xx_hal_flash_ex.o
HAL_FLASHEx_OBGetConfig                           build/stm32g4xx_hal_flash_ex.o
HAL_FLASHEx_OBProgram                             build/stm32g4xx_hal_flash_ex.o
HAL_FLASHEx_OB_DBankConfig                        build/stm32g4xx_hal_flash_ramfunc.o
HAL_FLASH_EndOfOperationCallback                  build/stm32g4xx_hal_flash.o
HAL_FLASH_GetError                                build/stm32g4xx_hal_flash.o
HAL_FLASH_IRQHandler                              build/stm32g4xx_hal_flash.o
HAL_FLASH_Lock                                    build/stm32g4xx_hal_flash.o
HAL_FLASH_OB_Launch                               build/stm32g4xx_hal_flash.o
HAL_FLASH_OB_Lock                                 build/stm32g4xx_hal_flash.o
HAL_FLASH_OB_Unlock                               build/stm32g4xx_hal_flash.o
HAL_FLASH_OperationErrorCallback                  build/stm32g4xx_hal_flash.o
HAL_FLASH_Program                                 build/stm32g4xx_hal_flash.o
HAL_FLASH_Program_IT                              build/stm32g4xx_hal_flash.o
HAL_FLASH_Unlock                                  build/stm32g4xx_hal_flash.o
HAL_GPIO_DeInit                                   build/stm32g4xx_hal_gpio.o
HAL_GPIO_EXTI_Callback                            build/stm32g4xx_hal_gpio.o
HAL_GPIO_EXTI_IRQHandler                          build/stm32g4xx_hal_gpio.o
HAL_GPIO_Init                                     build/stm32g4xx_hal_gpio.o
                                                  build/stm32g4xx_hal_rcc_ex.o
                                                  build/stm32g4xx_hal_rcc.o
                                                  build/stm32g4xx_hal_msp.o
                                                  build/main.o
HAL_GPIO_LockPin                                  build/stm32g4xx_hal_gpio.o
HAL_GPIO_ReadPin                                  build/stm32g4xx_hal_gpio.o
HAL_GPIO_TogglePin                                build/stm32g4xx_hal_gpio.o
HAL_GPIO_WritePin                                 build/stm32g4xx_hal_gpio.o
                                                  build/main.o
HAL_GetDEVID                                      build/stm32g4xx_hal.o
HAL_GetHalVersion                                 build/stm32g4xx_hal.o
HAL_GetREVID                                      build/stm32g4xx_hal.o
HAL_GetTick                                       build/stm32g4xx_hal.o
                                                  build/stm32g4xx_hal_dma.o
                                                  build/stm32g4xx_hal_flash.o
                                                  build/stm32g4xx_hal_rcc_ex.o
                                                  build/stm32g4xx_hal_rcc.o
                                                  build/stm32g4xx_hal_tim_ex.o
HAL_GetTickFreq                                   build/stm32g4xx_hal.o
HAL_GetTickPrio                                   build/stm32g4xx_hal.o
HAL_IncTick                                       build/stm32g4xx_hal.o
                                                  build/stm32g4xx_it.o
HAL_Init                                          build/stm32g4xx_hal.o
                                                  build/main.o
HAL_InitTick                                      build/stm32g4xx_hal.o
                                                  build/stm32g4xx_hal_rcc.o
HAL_MPU_ConfigRegion                              build/stm32g4xx_hal_cortex.o
HAL_MPU_Disable                                   build/stm32g4xx_hal_cortex.o
HAL_MPU_Enable                                    build/stm32g4xx_hal_cortex.o
HAL_MspDeInit                                     build/stm32g4xx_hal.o
HAL_MspInit                                       build/stm32g4xx_hal_msp.o
HAL_NVIC_ClearPendingIRQ                          build/stm32g4xx_hal_cortex.o
HAL_NVIC_DisableIRQ                               build/stm32g4xx_hal_cortex.o
HAL_NVIC_EnableIRQ                                build/stm32g4xx_hal_cortex.o
HAL_NVIC_GetActive                                build/stm32g4xx_hal_cortex.o
HAL_NVIC_GetPendingIRQ                            build/stm32g4xx_hal_cortex.o
HAL_NVIC_GetPriority                              build/stm32g4xx_hal_cortex.o
HAL_NVIC_GetPriorityGrouping                      build/stm32g4xx_hal_cortex.o
HAL_NVIC_SetPendingIRQ                            build/stm32g4xx_hal_cortex.o
HAL_NVIC_SetPriority                              build/stm32g4xx_hal_cortex.o
                                                  build/stm32g4xx_hal.o
HAL_NVIC_SetPriorityGrouping                      build/stm32g4xx_hal_cortex.o
                                                  build/stm32g4xx_hal.o
HAL_NVIC_SystemReset                              build/stm32g4xx_hal_cortex.o
HAL_PWREx_ConfigPVM                               build/stm32g4xx_hal_pwr_ex.o
HAL_PWREx_ControlVoltageScaling                   build/stm32g4xx_hal_pwr_ex.o
                                                  build/main.o
HAL_PWREx_DisableBatteryCharging                  build/stm32g4xx_hal_pwr_ex.o
HAL_PWREx_DisableGPIOPullDown                     build/stm32g4xx_hal_pwr_ex.o
HAL_PWREx_DisableGPIOPullUp                       build/stm32g4xx_hal_pwr_ex.o
HAL_PWREx_DisableInternalWakeUpLine               build/stm32g4xx_hal_pwr_ex.o
HAL_PWREx_DisableLowPowerRunMode                  build/stm32g4xx_hal_pwr_ex.o
                                                  build/stm32g4xx_hal_pwr.o
HAL_PWREx_DisablePVM1                             build/stm32g4xx_hal_pwr_ex.o
HAL_PWREx_DisablePVM2                             build/stm32g4xx_hal_pwr_ex.o
HAL_PWREx_DisablePVM3                             build/stm32g4xx_hal_pwr_ex.o
HAL_PWREx_DisablePVM4                             build/stm32g4xx_hal_pwr_ex.o
HAL_PWREx_DisablePullUpPullDownConfig             build/stm32g4xx_hal_pwr_ex.o
HAL_PWREx_DisableSRAM2ContentRetention            build/stm32g4xx_hal_pwr_ex.o
HAL_PWREx_DisableUCPDDeadBattery                  build/stm32g4xx_hal_pwr_ex.o
                                                  build/stm32g4xx_hal_msp.o
HAL_PWREx_DisableUCPDStandbyMode                  build/stm32g4xx_hal_pwr_ex.o
HAL_PWREx_EnableBatteryCharging                   build/stm32g4xx_hal_pwr_ex.o
HAL_PWREx_EnableGPIOPullDown                      build/stm32g4xx_hal_pwr_ex.o
HAL_PWREx_EnableGPIOPullUp                        build/stm32g4xx_hal_pwr_ex.o
HAL_PWREx_EnableInternalWakeUpLine                build/stm32g4xx_hal_pwr_ex.o
HAL_PWREx_EnableLowPowerRunMode                   build/stm32g4xx_hal_pwr_ex.o
                                                  build/stm32g4xx_hal_pwr.o
HAL_PWREx_EnablePVM1                              build/stm32g4xx_hal_pwr_ex.o
HAL_PWREx_EnablePVM2                              build/stm32g4xx_hal_pwr_ex.o
HAL_PWREx_EnablePVM3                              build/stm32g4xx_hal_pwr_ex.o
HAL_PWREx_EnablePVM4                              build/stm32g4xx_hal_pwr_ex.o
HAL_PWREx_EnablePullUpPullDownConfig              build/stm32g4xx_hal_pwr_ex.o
HAL_PWREx_EnableSRAM2ContentRetention             build/stm32g4xx_hal_pwr_ex.o
HAL_PWREx_EnableUCPDDeadBattery                   build/stm32g4xx_hal_pwr_ex.o
HAL_PWREx_EnableUCPDStandbyMode                   build/stm32g4xx_hal_pwr_ex.o
HAL_PWREx_EnterSHUTDOWNMode                       build/stm32g4xx_hal_pwr_ex.o
HAL_PWREx_EnterSTOP0Mode                          build/stm32g4xx_hal_pwr_ex.o
                                                  build/stm32g4xx_hal_pwr.o
HAL_PWREx_EnterSTOP1Mode                          build/stm32g4xx_hal_pwr_ex.o
                                                  build/stm32g4xx_hal_pwr.o
HAL_PWREx_GetVoltageRange                         build/stm32g4xx_hal_pwr_ex.o
HAL_PWREx_PVD_PVM_IRQHandler                      build/stm32g4xx_hal_pwr_ex.o
HAL_PWREx_PVM1Callback                            build/stm32g4xx_hal_pwr_ex.o
HAL_PWREx_PVM2Callback                            build/stm32g4xx_hal_pwr_ex.o
HAL_PWREx_PVM3Callback                            build/stm32g4xx_hal_pwr_ex.o
HAL_PWREx_PVM4Callback                            build/stm32g4xx_hal_pwr_ex.o
HAL_PWR_ConfigPVD                                 build/stm32g4xx_hal_pwr.o
HAL_PWR_DeInit                                    build/stm32g4xx_hal_pwr.o
HAL_PWR_DisableBkUpAccess                         build/stm32g4xx_hal_pwr.o
                                                  build/stm32g4xx_hal_rcc_ex.o
HAL_PWR_DisablePVD                                build/stm32g4xx_hal_pwr.o
HAL_PWR_DisableSEVOnPend                          build/stm32g4xx_hal_pwr.o
HAL_PWR_DisableSleepOnExit                        build/stm32g4xx_hal_pwr.o
HAL_PWR_DisableWakeUpPin                          build/stm32g4xx_hal_pwr.o
HAL_PWR_EnableBkUpAccess                          build/stm32g4xx_hal_pwr.o
                                                  build/stm32g4xx_hal_rcc_ex.o
HAL_PWR_EnablePVD                                 build/stm32g4xx_hal_pwr.o
HAL_PWR_EnableSEVOnPend                           build/stm32g4xx_hal_pwr.o
HAL_PWR_EnableSleepOnExit                         build/stm32g4xx_hal_pwr.o
HAL_PWR_EnableWakeUpPin                           build/stm32g4xx_hal_pwr.o
HAL_PWR_EnterSLEEPMode                            build/stm32g4xx_hal_pwr.o
HAL_PWR_EnterSTANDBYMode                          build/stm32g4xx_hal_pwr.o
HAL_PWR_EnterSTOPMode                             build/stm32g4xx_hal_pwr.o
HAL_PWR_PVDCallback                               build/stm32g4xx_hal_pwr.o
                                                  build/stm32g4xx_hal_pwr_ex.o
HAL_RCCEx_CRSConfig                               build/stm32g4xx_hal_rcc_ex.o
HAL_RCCEx_CRSGetSynchronizationInfo               build/stm32g4xx_hal_rcc_ex.o
HAL_RCCEx_CRSSoftwareSynchronizationGenerate      build/stm32g4xx_hal_rcc_ex.o
HAL_RCCEx_CRSWaitSynchronization                  build/stm32g4xx_hal_rcc_ex.o
HAL_RCCEx_CRS_ErrorCallback                       build/stm32g4xx_hal_rcc_ex.o
HAL_RCCEx_CRS_ExpectedSyncCallback                build/stm32g4xx_hal_rcc_ex.o
HAL_RCCEx_CRS_IRQHandler                          build/stm32g4xx_hal_rcc_ex.o
HAL_RCCEx_CRS_SyncOkCallback                      build/stm32g4xx_hal_rcc_ex.o
HAL_RCCEx_CRS_SyncWarnCallback                    build/stm32g4xx_hal_rcc_ex.o
HAL_RCCEx_DisableLSCO                             build/stm32g4xx_hal_rcc_ex.o
HAL_RCCEx_DisableLSECSS                           build/stm32g4xx_hal_rcc_ex.o
HAL_RCCEx_EnableLSCO                              build/stm32g4xx_hal_rcc_ex.o
HAL_RCCEx_EnableLSECSS                            build/stm32g4xx_hal_rcc_ex.o
HAL_RCCEx_EnableLSECSS_IT                         build/stm32g4xx_hal_rcc_ex.o
HAL_RCCEx_GetPeriphCLKConfig                      build/stm32g4xx_hal_rcc_ex.o
HAL_RCCEx_GetPeriphCLKFreq                        build/stm32g4xx_hal_rcc_ex.o
HAL_RCCEx_LSECSS_Callback                         build/stm32g4xx_hal_rcc_ex.o
HAL_RCCEx_LSECSS_IRQHandler                       build/stm32g4xx_hal_rcc_ex.o
HAL_RCCEx_PeriphCLKConfig                         build/stm32g4xx_hal_rcc_ex.o
HAL_RCC_CSSCallback                               build/stm32g4xx_hal_rcc.o
HAL_RCC_ClockConfig                               build/stm32g4xx_hal_rcc.o
                                                  build/main.o
HAL_RCC_DeInit                                    build/stm32g4xx_hal_rcc.o
HAL_RCC_DisableLSECSS                             build/stm32g4xx_hal_rcc.o
HAL_RCC_EnableCSS                                 build/stm32g4xx_hal_rcc.o
HAL_RCC_EnableLSECSS                              build/stm32g4xx_hal_rcc.o
HAL_RCC_GetClockConfig                            build/stm32g4xx_hal_rcc.o
HAL_RCC_GetHCLKFreq                               build/stm32g4xx_hal_rcc.o
HAL_RCC_GetOscConfig                              build/stm32g4xx_hal_rcc.o
HAL_RCC_GetPCLK1Freq                              build/stm32g4xx_hal_rcc.o
                                                  build/stm32g4xx_hal_rcc_ex.o
HAL_RCC_GetPCLK2Freq                              build/stm32g4xx_hal_rcc.o
                                                  build/stm32g4xx_hal_rcc_ex.o
HAL_RCC_GetSysClockFreq                           build/stm32g4xx_hal_rcc.o
                                                  build/stm32g4xx_hal_rcc_ex.o
HAL_RCC_MCOConfig                                 build/stm32g4xx_hal_rcc.o
HAL_RCC_NMI_IRQHandler                            build/stm32g4xx_hal_rcc.o
HAL_RCC_OscConfig                                 build/stm32g4xx_hal_rcc.o
                                                  build/main.o
HAL_ResumeTick                                    build/stm32g4xx_hal.o
HAL_SYSCFG_CCMSRAMErase                           build/stm32g4xx_hal.o
HAL_SYSCFG_CCMSRAM_WriteProtectionEnable          build/stm32g4xx_hal.o
HAL_SYSCFG_DisableIOSwitchBooster                 build/stm32g4xx_hal.o
HAL_SYSCFG_DisableIOSwitchVDD                     build/stm32g4xx_hal.o
HAL_SYSCFG_DisableMemorySwappingBank              build/stm32g4xx_hal.o
HAL_SYSCFG_DisableVREFBUF                         build/stm32g4xx_hal.o
HAL_SYSCFG_EnableIOSwitchBooster                  build/stm32g4xx_hal.o
HAL_SYSCFG_EnableIOSwitchVDD                      build/stm32g4xx_hal.o
HAL_SYSCFG_EnableMemorySwappingBank               build/stm32g4xx_hal.o
HAL_SYSCFG_EnableVREFBUF                          build/stm32g4xx_hal.o
HAL_SYSCFG_VREFBUF_HighImpedanceConfig            build/stm32g4xx_hal.o
HAL_SYSCFG_VREFBUF_TrimmingConfig                 build/stm32g4xx_hal.o
HAL_SYSCFG_VREFBUF_VoltageScalingConfig           build/stm32g4xx_hal.o
HAL_SYSTICK_CLKSourceConfig                       build/stm32g4xx_hal_cortex.o
HAL_SYSTICK_Callback                              build/stm32g4xx_hal_cortex.o
HAL_SYSTICK_Config                                build/stm32g4xx_hal_cortex.o
                                                  build/stm32g4xx_hal.o
HAL_SYSTICK_IRQHandler                            build/stm32g4xx_hal_cortex.o
HAL_SetTickFreq                                   build/stm32g4xx_hal.o
HAL_SuspendTick                                   build/stm32g4xx_hal.o
HAL_TIMEx_Break2Callback                          build/stm32g4xx_hal_tim_ex.o
                                                  build/stm32g4xx_hal_tim.o
HAL_TIMEx_BreakCallback                           build/stm32g4xx_hal_tim_ex.o
                                                  build/stm32g4xx_hal_tim.o
HAL_TIMEx_CommutCallback                          build/stm32g4xx_hal_tim_ex.o
                                                  build/stm32g4xx_hal_tim.o
HAL_TIMEx_CommutHalfCpltCallback                  build/stm32g4xx_hal_tim_ex.o
HAL_TIMEx_ConfigAsymmetricalDeadTime              build/stm32g4xx_hal_tim_ex.o
HAL_TIMEx_ConfigBreakDeadTime                     build/stm32g4xx_hal_tim_ex.o
                                                  build/main.o
HAL_TIMEx_ConfigBreakInput                        build/stm32g4xx_hal_tim_ex.o
HAL_TIMEx_ConfigCommutEvent                       build/stm32g4xx_hal_tim_ex.o
HAL_TIMEx_ConfigCommutEvent_DMA                   build/stm32g4xx_hal_tim_ex.o
HAL_TIMEx_ConfigCommutEvent_IT                    build/stm32g4xx_hal_tim_ex.o
HAL_TIMEx_ConfigDeadTime                          build/stm32g4xx_hal_tim_ex.o
HAL_TIMEx_ConfigEncoderIndex                      build/stm32g4xx_hal_tim_ex.o
HAL_TIMEx_ConfigSlaveModePreload                  build/stm32g4xx_hal_tim_ex.o
HAL_TIMEx_DirectionChangeCallback                 build/stm32g4xx_hal_tim_ex.o
                                                  build/stm32g4xx_hal_tim.o
HAL_TIMEx_DisableAsymmetricalDeadTime             build/stm32g4xx_hal_tim_ex.o
HAL_TIMEx_DisableDeadTimePreload                  build/stm32g4xx_hal_tim_ex.o
HAL_TIMEx_DisableEncoderFirstIndex                build/stm32g4xx_hal_tim_ex.o
HAL_TIMEx_DisableEncoderIndex                     build/stm32g4xx_hal_tim_ex.o
HAL_TIMEx_DisableSlaveModePreload                 build/stm32g4xx_hal_tim_ex.o
HAL_TIMEx_DisarmBreakInput                        build/stm32g4xx_hal_tim_ex.o
HAL_TIMEx_DitheringDisable                        build/stm32g4xx_hal_tim_ex.o
HAL_TIMEx_DitheringEnable                         build/stm32g4xx_hal_tim_ex.o
HAL_TIMEx_EnableAsymmetricalDeadTime              build/stm32g4xx_hal_tim_ex.o
HAL_TIMEx_EnableDeadTimePreload                   build/stm32g4xx_hal_tim_ex.o
HAL_TIMEx_EnableEncoderFirstIndex                 build/stm32g4xx_hal_tim_ex.o
HAL_TIMEx_EnableEncoderIndex                      build/stm32g4xx_hal_tim_ex.o
HAL_TIMEx_EnableSlaveModePreload                  build/stm32g4xx_hal_tim_ex.o
HAL_TIMEx_EncoderIndexCallback                    build/stm32g4xx_hal_tim_ex.o
                                                  build/stm32g4xx_hal_tim.o
HAL_TIMEx_GetChannelNState                        build/stm32g4xx_hal_tim_ex.o
HAL_TIMEx_GroupChannel5                           build/stm32g4xx_hal_tim_ex.o
HAL_TIMEx_HallSensor_DeInit                       build/stm32g4xx_hal_tim_ex.o
HAL_TIMEx_HallSensor_GetState                     build/stm32g4xx_hal_tim_ex.o
HAL_TIMEx_HallSensor_Init                         build/stm32g4xx_hal_tim_ex.o
HAL_TIMEx_HallSensor_MspDeInit                    build/stm32g4xx_hal_tim_ex.o
HAL_TIMEx_HallSensor_MspInit                      build/stm32g4xx_hal_tim_ex.o
HAL_TIMEx_HallSensor_Start                        build/stm32g4xx_hal_tim_ex.o
HAL_TIMEx_HallSensor_Start_DMA                    build/stm32g4xx_hal_tim_ex.o
HAL_TIMEx_HallSensor_Start_IT                     build/stm32g4xx_hal_tim_ex.o
HAL_TIMEx_HallSensor_Stop                         build/stm32g4xx_hal_tim_ex.o
HAL_TIMEx_HallSensor_Stop_DMA                     build/stm32g4xx_hal_tim_ex.o
HAL_TIMEx_HallSensor_Stop_IT                      build/stm32g4xx_hal_tim_ex.o
HAL_TIMEx_IndexErrorCallback                      build/stm32g4xx_hal_tim_ex.o
                                                  build/stm32g4xx_hal_tim.o
HAL_TIMEx_MasterConfigSynchronization             build/stm32g4xx_hal_tim_ex.o
                                                  build/main.o
HAL_TIMEx_OCN_Start                               build/stm32g4xx_hal_tim_ex.o
HAL_TIMEx_OCN_Start_DMA                           build/stm32g4xx_hal_tim_ex.o
HAL_TIMEx_OCN_Start_IT                            build/stm32g4xx_hal_tim_ex.o
HAL_TIMEx_OCN_Stop                                build/stm32g4xx_hal_tim_ex.o
HAL_TIMEx_OCN_Stop_DMA                            build/stm32g4xx_hal_tim_ex.o
HAL_TIMEx_OCN_Stop_IT                             build/stm32g4xx_hal_tim_ex.o
HAL_TIMEx_OC_ConfigPulseOnCompare                 build/stm32g4xx_hal_tim_ex.o
HAL_TIMEx_OnePulseN_Start                         build/stm32g4xx_hal_tim_ex.o
HAL_TIMEx_OnePulseN_Start_IT                      build/stm32g4xx_hal_tim_ex.o
HAL_TIMEx_OnePulseN_Stop                          build/stm32g4xx_hal_tim_ex.o
HAL_TIMEx_OnePulseN_Stop_IT                       build/stm32g4xx_hal_tim_ex.o
HAL_TIMEx_PWMN_Start                              build/stm32g4xx_hal_tim_ex.o
HAL_TIMEx_PWMN_Start_DMA                          build/stm32g4xx_hal_tim_ex.o
HAL_TIMEx_PWMN_Start_IT                           build/stm32g4xx_hal_tim_ex.o
HAL_TIMEx_PWMN_Stop                               build/stm32g4xx_hal_tim_ex.o
HAL_TIMEx_PWMN_Stop_DMA                           build/stm32g4xx_hal_tim_ex.o
HAL_TIMEx_PWMN_Stop_IT                            build/stm32g4xx_hal_tim_ex.o
HAL_TIMEx_ReArmBreakInput                         build/stm32g4xx_hal_tim_ex.o
HAL_TIMEx_RemapConfig                             build/stm32g4xx_hal_tim_ex.o
HAL_TIMEx_TISelection                             build/stm32g4xx_hal_tim_ex.o
HAL_TIMEx_TransitionErrorCallback                 build/stm32g4xx_hal_tim_ex.o
                                                  build/stm32g4xx_hal_tim.o
HAL_TIM_Base_DeInit                               build/stm32g4xx_hal_tim.o
HAL_TIM_Base_GetState                             build/stm32g4xx_hal_tim.o
HAL_TIM_Base_Init                                 build/stm32g4xx_hal_tim.o
                                                  build/main.o
HAL_TIM_Base_MspDeInit                            build/stm32g4xx_hal_msp.o
HAL_TIM_Base_MspInit                              build/stm32g4xx_hal_msp.o
HAL_TIM_Base_Start                                build/stm32g4xx_hal_tim.o
HAL_TIM_Base_Start_DMA                            build/stm32g4xx_hal_tim.o
HAL_TIM_Base_Start_IT                             build/stm32g4xx_hal_tim.o
HAL_TIM_Base_Stop                                 build/stm32g4xx_hal_tim.o
HAL_TIM_Base_Stop_DMA                             build/stm32g4xx_hal_tim.o
HAL_TIM_Base_Stop_IT                              build/stm32g4xx_hal_tim.o
HAL_TIM_ConfigClockSource                         build/stm32g4xx_hal_tim.o
                                                  build/main.o
HAL_TIM_ConfigOCrefClear                          build/stm32g4xx_hal_tim.o
HAL_TIM_ConfigTI1Input                            build/stm32g4xx_hal_tim.o
HAL_TIM_DMABurstState                             build/stm32g4xx_hal_tim.o
HAL_TIM_DMABurst_MultiReadStart                   build/stm32g4xx_hal_tim.o
HAL_TIM_DMABurst_MultiWriteStart                  build/stm32g4xx_hal_tim.o
HAL_TIM_DMABurst_ReadStart                        build/stm32g4xx_hal_tim.o
HAL_TIM_DMABurst_ReadStop                         build/stm32g4xx_hal_tim.o
HAL_TIM_DMABurst_WriteStart                       build/stm32g4xx_hal_tim.o
HAL_TIM_DMABurst_WriteStop                        build/stm32g4xx_hal_tim.o
HAL_TIM_Encoder_DeInit                            build/stm32g4xx_hal_tim.o
HAL_TIM_Encoder_GetState                          build/stm32g4xx_hal_tim.o
HAL_TIM_Encoder_Init                              build/stm32g4xx_hal_tim.o
HAL_TIM_Encoder_MspDeInit                         build/stm32g4xx_hal_tim.o
HAL_TIM_Encoder_MspInit                           build/stm32g4xx_hal_tim.o
HAL_TIM_Encoder_Start                             build/stm32g4xx_hal_tim.o
HAL_TIM_Encoder_Start_DMA                         build/stm32g4xx_hal_tim.o
HAL_TIM_Encoder_Start_IT                          build/stm32g4xx_hal_tim.o
HAL_TIM_Encoder_Stop                              build/stm32g4xx_hal_tim.o
HAL_TIM_Encoder_Stop_DMA                          build/stm32g4xx_hal_tim.o
HAL_TIM_Encoder_Stop_IT                           build/stm32g4xx_hal_tim.o
HAL_TIM_ErrorCallback                             build/stm32g4xx_hal_tim.o
                                                  build/stm32g4xx_hal_tim_ex.o
HAL_TIM_GenerateEvent                             build/stm32g4xx_hal_tim.o
HAL_TIM_GetActiveChannel                          build/stm32g4xx_hal_tim.o
HAL_TIM_GetChannelState                           build/stm32g4xx_hal_tim.o
HAL_TIM_IC_CaptureCallback                        build/stm32g4xx_hal_tim.o
HAL_TIM_IC_CaptureHalfCpltCallback                build/stm32g4xx_hal_tim.o
HAL_TIM_IC_ConfigChannel                          build/stm32g4xx_hal_tim.o
HAL_TIM_IC_DeInit                                 build/stm32g4xx_hal_tim.o
HAL_TIM_IC_GetState                               build/stm32g4xx_hal_tim.o
HAL_TIM_IC_Init                                   build/stm32g4xx_hal_tim.o
HAL_TIM_IC_MspDeInit                              build/stm32g4xx_hal_tim.o
HAL_TIM_IC_MspInit                                build/stm32g4xx_hal_tim.o
HAL_TIM_IC_Start                                  build/stm32g4xx_hal_tim.o
HAL_TIM_IC_Start_DMA                              build/stm32g4xx_hal_tim.o
HAL_TIM_IC_Start_IT                               build/stm32g4xx_hal_tim.o
HAL_TIM_IC_Stop                                   build/stm32g4xx_hal_tim.o
HAL_TIM_IC_Stop_DMA                               build/stm32g4xx_hal_tim.o
HAL_TIM_IC_Stop_IT                                build/stm32g4xx_hal_tim.o
HAL_TIM_IRQHandler                                build/stm32g4xx_hal_tim.o
HAL_TIM_MspPostInit                               build/stm32g4xx_hal_msp.o
                                                  build/main.o
HAL_TIM_OC_ConfigChannel                          build/stm32g4xx_hal_tim.o
HAL_TIM_OC_DeInit                                 build/stm32g4xx_hal_tim.o
HAL_TIM_OC_DelayElapsedCallback                   build/stm32g4xx_hal_tim.o
HAL_TIM_OC_GetState                               build/stm32g4xx_hal_tim.o
HAL_TIM_OC_Init                                   build/stm32g4xx_hal_tim.o
HAL_TIM_OC_MspDeInit                              build/stm32g4xx_hal_tim.o
HAL_TIM_OC_MspInit                                build/stm32g4xx_hal_tim.o
HAL_TIM_OC_Start                                  build/stm32g4xx_hal_tim.o
HAL_TIM_OC_Start_DMA                              build/stm32g4xx_hal_tim.o
HAL_TIM_OC_Start_IT                               build/stm32g4xx_hal_tim.o
HAL_TIM_OC_Stop                                   build/stm32g4xx_hal_tim.o
HAL_TIM_OC_Stop_DMA                               build/stm32g4xx_hal_tim.o
HAL_TIM_OC_Stop_IT                                build/stm32g4xx_hal_tim.o
HAL_TIM_OnePulse_ConfigChannel                    build/stm32g4xx_hal_tim.o
HAL_TIM_OnePulse_DeInit                           build/stm32g4xx_hal_tim.o
HAL_TIM_OnePulse_GetState                         build/stm32g4xx_hal_tim.o
HAL_TIM_OnePulse_Init                             build/stm32g4xx_hal_tim.o
HAL_TIM_OnePulse_MspDeInit                        build/stm32g4xx_hal_tim.o
HAL_TIM_OnePulse_MspInit                          build/stm32g4xx_hal_tim.o
HAL_TIM_OnePulse_Start                            build/stm32g4xx_hal_tim.o
HAL_TIM_OnePulse_Start_IT                         build/stm32g4xx_hal_tim.o
HAL_TIM_OnePulse_Stop                             build/stm32g4xx_hal_tim.o
HAL_TIM_OnePulse_Stop_IT                          build/stm32g4xx_hal_tim.o
HAL_TIM_PWM_ConfigChannel                         build/stm32g4xx_hal_tim.o
                                                  build/main.o
HAL_TIM_PWM_DeInit                                build/stm32g4xx_hal_tim.o
HAL_TIM_PWM_GetState                              build/stm32g4xx_hal_tim.o
HAL_TIM_PWM_Init                                  build/stm32g4xx_hal_tim.o
                                                  build/main.o
HAL_TIM_PWM_MspDeInit                             build/stm32g4xx_hal_tim.o
HAL_TIM_PWM_MspInit                               build/stm32g4xx_hal_tim.o
HAL_TIM_PWM_PulseFinishedCallback                 build/stm32g4xx_hal_tim.o
                                                  build/stm32g4xx_hal_tim_ex.o
HAL_TIM_PWM_PulseFinishedHalfCpltCallback         build/stm32g4xx_hal_tim.o
HAL_TIM_PWM_Start                                 build/stm32g4xx_hal_tim.o
                                                  build/main.o
HAL_TIM_PWM_Start_DMA                             build/stm32g4xx_hal_tim.o
HAL_TIM_PWM_Start_IT                              build/stm32g4xx_hal_tim.o
HAL_TIM_PWM_Stop                                  build/stm32g4xx_hal_tim.o
HAL_TIM_PWM_Stop_DMA                              build/stm32g4xx_hal_tim.o
HAL_TIM_PWM_Stop_IT                               build/stm32g4xx_hal_tim.o
HAL_TIM_PeriodElapsedCallback                     build/stm32g4xx_hal_tim.o
HAL_TIM_PeriodElapsedHalfCpltCallback             build/stm32g4xx_hal_tim.o
HAL_TIM_ReadCapturedValue                         build/stm32g4xx_hal_tim.o
HAL_TIM_SlaveConfigSynchro                        build/stm32g4xx_hal_tim.o
HAL_TIM_SlaveConfigSynchro_IT                     build/stm32g4xx_hal_tim.o
HAL_TIM_TriggerCallback                           build/stm32g4xx_hal_tim.o
HAL_TIM_TriggerHalfCpltCallback                   build/stm32g4xx_hal_tim.o
HRTIM1_FLT_IRQHandler                             build/startup_stm32g474xx.o
HRTIM1_Master_IRQHandler                          build/startup_stm32g474xx.o
HRTIM1_TIMA_IRQHandler                            build/startup_stm32g474xx.o
HRTIM1_TIMB_IRQHandler                            build/startup_stm32g474xx.o
HRTIM1_TIMC_IRQHandler                            build/startup_stm32g474xx.o
HRTIM1_TIMD_IRQHandler                            build/startup_stm32g474xx.o
HRTIM1_TIME_IRQHandler                            build/startup_stm32g474xx.o
HRTIM1_TIMF_IRQHandler                            build/startup_stm32g474xx.o
HardFault_Handler                                 build/stm32g4xx_it.o
I2C1_ER_IRQHandler                                build/startup_stm32g474xx.o
I2C1_EV_IRQHandler                                build/startup_stm32g474xx.o
I2C2_ER_IRQHandler                                build/startup_stm32g474xx.o
I2C2_EV_IRQHandler                                build/startup_stm32g474xx.o
I2C3_ER_IRQHandler                                build/startup_stm32g474xx.o
I2C3_EV_IRQHandler                                build/startup_stm32g474xx.o
I2C4_ER_IRQHandler                                build/startup_stm32g474xx.o
I2C4_EV_IRQHandler                                build/startup_stm32g474xx.o
LPTIM1_IRQHandler                                 build/startup_stm32g474xx.o
LPUART1_IRQHandler                                build/startup_stm32g474xx.o
MemManage_Handler                                 build/stm32g4xx_it.o
NMI_Handler                                       build/stm32g4xx_it.o
PVD_PVM_IRQHandler                                build/startup_stm32g474xx.o
PendSV_Handler                                    build/stm32g4xx_it.o
QUADSPI_IRQHandler                                build/startup_stm32g474xx.o
RCC_IRQHandler                                    build/startup_stm32g474xx.o
RNG_IRQHandler                                    build/startup_stm32g474xx.o
RTC_Alarm_IRQHandler                              build/startup_stm32g474xx.o
RTC_TAMP_LSECSS_IRQHandler                        build/startup_stm32g474xx.o
RTC_WKUP_IRQHandler                               build/startup_stm32g474xx.o
Reset_Handler                                     build/startup_stm32g474xx.o
SAI1_IRQHandler                                   build/startup_stm32g474xx.o
SPI1_IRQHandler                                   build/startup_stm32g474xx.o
SPI2_IRQHandler                                   build/startup_stm32g474xx.o
SPI3_IRQHandler                                   build/startup_stm32g474xx.o
SPI4_IRQHandler                                   build/startup_stm32g474xx.o
SVC_Handler                                       build/stm32g4xx_it.o
SysTick_Handler                                   build/stm32g4xx_it.o
SystemClock_Config                                build/main.o
SystemCoreClock                                   build/system_stm32g4xx.o
                                                  build/stm32g4xx_hal_flash_ramfunc.o
                                                  build/stm32g4xx_hal_rcc.o
                                                  build/stm32g4xx_hal.o
                                                  build/stm32g4xx_hal_pwr_ex.o
SystemCoreClockUpdate                             build/system_stm32g4xx.o
SystemInit                                        build/system_stm32g4xx.o
                                                  build/startup_stm32g474xx.o
TIM1_BRK_TIM15_IRQHandler                         build/startup_stm32g474xx.o
TIM1_CC_IRQHandler                                build/startup_stm32g474xx.o
TIM1_TRG_COM_TIM17_IRQHandler                     build/startup_stm32g474xx.o
TIM1_UP_TIM16_IRQHandler                          build/startup_stm32g474xx.o
TIM20_BRK_IRQHandler                              build/startup_stm32g474xx.o
TIM20_CC_IRQHandler                               build/startup_stm32g474xx.o
TIM20_TRG_COM_IRQHandler                          build/startup_stm32g474xx.o
TIM20_UP_IRQHandler                               build/startup_stm32g474xx.o
TIM2_IRQHandler                                   build/startup_stm32g474xx.o
TIM3_IRQHandler                                   build/startup_stm32g474xx.o
TIM4_IRQHandler                                   build/startup_stm32g474xx.o
TIM5_IRQHandler                                   build/startup_stm32g474xx.o
TIM6_DAC_IRQHandler                               build/startup_stm32g474xx.o
TIM7_DAC_IRQHandler                               build/startup_stm32g474xx.o
TIM8_BRK_IRQHandler                               build/startup_stm32g474xx.o
TIM8_CC_IRQHandler                                build/startup_stm32g474xx.o
TIM8_TRG_COM_IRQHandler                           build/startup_stm32g474xx.o
TIM8_UP_IRQHandler                                build/startup_stm32g474xx.o
TIMEx_DMACommutationCplt                          build/stm32g4xx_hal_tim_ex.o
                                                  build/stm32g4xx_hal_tim.o
TIMEx_DMACommutationHalfCplt                      build/stm32g4xx_hal_tim_ex.o
                                                  build/stm32g4xx_hal_tim.o
TIM_Base_SetConfig                                build/stm32g4xx_hal_tim.o
                                                  build/stm32g4xx_hal_tim_ex.o
TIM_CCxChannelCmd                                 build/stm32g4xx_hal_tim.o
                                                  build/stm32g4xx_hal_tim_ex.o
TIM_DMACaptureCplt                                build/stm32g4xx_hal_tim.o
                                                  build/stm32g4xx_hal_tim_ex.o
TIM_DMACaptureHalfCplt                            build/stm32g4xx_hal_tim.o
                                                  build/stm32g4xx_hal_tim_ex.o
TIM_DMADelayPulseHalfCplt                         build/stm32g4xx_hal_tim.o
                                                  build/stm32g4xx_hal_tim_ex.o
TIM_DMAError                                      build/stm32g4xx_hal_tim.o
                                                  build/stm32g4xx_hal_tim_ex.o
TIM_ETR_SetConfig                                 build/stm32g4xx_hal_tim.o
                                                  build/stm32g4xx_hal_tim_ex.o
TIM_OC2_SetConfig                                 build/stm32g4xx_hal_tim.o
                                                  build/stm32g4xx_hal_tim_ex.o
TIM_TI1_SetConfig                                 build/stm32g4xx_hal_tim.o
                                                  build/stm32g4xx_hal_tim_ex.o
UART4_IRQHandler                                  build/startup_stm32g474xx.o
UART5_IRQHandler                                  build/startup_stm32g474xx.o
UCPD1_IRQHandler                                  build/startup_stm32g474xx.o
USART1_IRQHandler                                 build/startup_stm32g474xx.o
USART2_IRQHandler                                 build/startup_stm32g474xx.o
USART3_IRQHandler                                 build/startup_stm32g474xx.o
USBWakeUp_IRQHandler                              build/startup_stm32g474xx.o
USB_HP_IRQHandler                                 build/startup_stm32g474xx.o
USB_LP_IRQHandler                                 build/startup_stm32g474xx.o
UsageFault_Handler                                build/stm32g4xx_it.o
WWDG_IRQHandler                                   build/startup_stm32g474xx.o
__atexit                                          /home/phuccd/xpack-arm-none-eabi-gcc-12.2.1-1.2/bin/../lib/gcc/arm-none-eabi/12.2.1/../../../../arm-none-eabi/lib/thumb/v7e-m+fp/hard/libc_nano.a(libc_a-__call_atexit.o)
                                                  /home/phuccd/xpack-arm-none-eabi-gcc-12.2.1-1.2/bin/../lib/gcc/arm-none-eabi/12.2.1/../../../../arm-none-eabi/lib/thumb/v7e-m+fp/hard/libc_nano.a(libc_a-__atexit.o)
__atexit0                                         /home/phuccd/xpack-arm-none-eabi-gcc-12.2.1-1.2/bin/../lib/gcc/arm-none-eabi/12.2.1/../../../../arm-none-eabi/lib/thumb/v7e-m+fp/hard/libc_nano.a(libc_a-__atexit.o)
__atexit_dummy                                    /home/phuccd/xpack-arm-none-eabi-gcc-12.2.1-1.2/bin/../lib/gcc/arm-none-eabi/12.2.1/../../../../arm-none-eabi/lib/thumb/v7e-m+fp/hard/libc_nano.a(libc_a-__atexit.o)
__atexit_recursive_mutex                          /home/phuccd/xpack-arm-none-eabi-gcc-12.2.1-1.2/bin/../lib/gcc/arm-none-eabi/12.2.1/../../../../arm-none-eabi/lib/thumb/v7e-m+fp/hard/libc_nano.a(libc_a-__call_atexit.o)
                                                  /home/phuccd/xpack-arm-none-eabi-gcc-12.2.1-1.2/bin/../lib/gcc/arm-none-eabi/12.2.1/../../../../arm-none-eabi/lib/thumb/v7e-m+fp/hard/libc_nano.a(libc_a-__atexit.o)
__bss_end__                                       /home/phuccd/xpack-arm-none-eabi-gcc-12.2.1-1.2/bin/../lib/gcc/arm-none-eabi/12.2.1/../../../../arm-none-eabi/lib/thumb/v7e-m+fp/hard/crt0.o
__bss_start__                                     /home/phuccd/xpack-arm-none-eabi-gcc-12.2.1-1.2/bin/../lib/gcc/arm-none-eabi/12.2.1/../../../../arm-none-eabi/lib/thumb/v7e-m+fp/hard/crt0.o
__call_exitprocs                                  /home/phuccd/xpack-arm-none-eabi-gcc-12.2.1-1.2/bin/../lib/gcc/arm-none-eabi/12.2.1/../../../../arm-none-eabi/lib/thumb/v7e-m+fp/hard/libc_nano.a(libc_a-__call_atexit.o)
                                                  /home/phuccd/xpack-arm-none-eabi-gcc-12.2.1-1.2/bin/../lib/gcc/arm-none-eabi/12.2.1/../../../../arm-none-eabi/lib/thumb/v7e-m+fp/hard/libc_nano.a(libc_a-__atexit.o)
                                                  /home/phuccd/xpack-arm-none-eabi-gcc-12.2.1-1.2/bin/../lib/gcc/arm-none-eabi/12.2.1/../../../../arm-none-eabi/lib/thumb/v7e-m+fp/hard/libc_nano.a(libc_a-exit.o)
__deregister_frame_info                           /home/phuccd/xpack-arm-none-eabi-gcc-12.2.1-1.2/bin/../lib/gcc/arm-none-eabi/12.2.1/thumb/v7e-m+fp/hard/crtbegin.o
__dso_handle                                      /home/phuccd/xpack-arm-none-eabi-gcc-12.2.1-1.2/bin/../lib/gcc/arm-none-eabi/12.2.1/thumb/v7e-m+fp/hard/crtbegin.o
__fini_array_end                                  /home/phuccd/xpack-arm-none-eabi-gcc-12.2.1-1.2/bin/../lib/gcc/arm-none-eabi/12.2.1/../../../../arm-none-eabi/lib/thumb/v7e-m+fp/hard/libc_nano.a(libc_a-fini.o)
__fini_array_start                                /home/phuccd/xpack-arm-none-eabi-gcc-12.2.1-1.2/bin/../lib/gcc/arm-none-eabi/12.2.1/../../../../arm-none-eabi/lib/thumb/v7e-m+fp/hard/libc_nano.a(libc_a-fini.o)
__fp_lock_all                                     /home/phuccd/xpack-arm-none-eabi-gcc-12.2.1-1.2/bin/../lib/gcc/arm-none-eabi/12.2.1/../../../../arm-none-eabi/lib/thumb/v7e-m+fp/hard/libc_nano.a(libc_a-findfp.o)
__fp_unlock_all                                   /home/phuccd/xpack-arm-none-eabi-gcc-12.2.1-1.2/bin/../lib/gcc/arm-none-eabi/12.2.1/../../../../arm-none-eabi/lib/thumb/v7e-m+fp/hard/libc_nano.a(libc_a-findfp.o)
__init_array_end                                  /home/phuccd/xpack-arm-none-eabi-gcc-12.2.1-1.2/bin/../lib/gcc/arm-none-eabi/12.2.1/../../../../arm-none-eabi/lib/thumb/v7e-m+fp/hard/libc_nano.a(libc_a-init.o)
__init_array_start                                /home/phuccd/xpack-arm-none-eabi-gcc-12.2.1-1.2/bin/../lib/gcc/arm-none-eabi/12.2.1/../../../../arm-none-eabi/lib/thumb/v7e-m+fp/hard/libc_nano.a(libc_a-init.o)
__libc_fini_array                                 /home/phuccd/xpack-arm-none-eabi-gcc-12.2.1-1.2/bin/../lib/gcc/arm-none-eabi/12.2.1/../../../../arm-none-eabi/lib/thumb/v7e-m+fp/hard/libc_nano.a(libc_a-fini.o)
                                                  /home/phuccd/xpack-arm-none-eabi-gcc-12.2.1-1.2/bin/../lib/gcc/arm-none-eabi/12.2.1/../../../../arm-none-eabi/lib/thumb/v7e-m+fp/hard/crt0.o
__libc_init_array                                 /home/phuccd/xpack-arm-none-eabi-gcc-12.2.1-1.2/bin/../lib/gcc/arm-none-eabi/12.2.1/../../../../arm-none-eabi/lib/thumb/v7e-m+fp/hard/libc_nano.a(libc_a-init.o)
                                                  build/startup_stm32g474xx.o
                                                  /home/phuccd/xpack-arm-none-eabi-gcc-12.2.1-1.2/bin/../lib/gcc/arm-none-eabi/12.2.1/../../../../arm-none-eabi/lib/thumb/v7e-m+fp/hard/crt0.o
__lock___arc4random_mutex                         /home/phuccd/xpack-arm-none-eabi-gcc-12.2.1-1.2/bin/../lib/gcc/arm-none-eabi/12.2.1/../../../../arm-none-eabi/lib/thumb/v7e-m+fp/hard/libc_nano.a(libc_a-lock.o)
__lock___at_quick_exit_mutex                      /home/phuccd/xpack-arm-none-eabi-gcc-12.2.1-1.2/bin/../lib/gcc/arm-none-eabi/12.2.1/../../../../arm-none-eabi/lib/thumb/v7e-m+fp/hard/libc_nano.a(libc_a-lock.o)
__lock___atexit_recursive_mutex                   /home/phuccd/xpack-arm-none-eabi-gcc-12.2.1-1.2/bin/../lib/gcc/arm-none-eabi/12.2.1/../../../../arm-none-eabi/lib/thumb/v7e-m+fp/hard/libc_nano.a(libc_a-lock.o)
                                                  /home/phuccd/xpack-arm-none-eabi-gcc-12.2.1-1.2/bin/../lib/gcc/arm-none-eabi/12.2.1/../../../../arm-none-eabi/lib/thumb/v7e-m+fp/hard/libc_nano.a(libc_a-__call_atexit.o)
__lock___dd_hash_mutex                            /home/phuccd/xpack-arm-none-eabi-gcc-12.2.1-1.2/bin/../lib/gcc/arm-none-eabi/12.2.1/../../../../arm-none-eabi/lib/thumb/v7e-m+fp/hard/libc_nano.a(libc_a-lock.o)
__lock___env_recursive_mutex                      /home/phuccd/xpack-arm-none-eabi-gcc-12.2.1-1.2/bin/../lib/gcc/arm-none-eabi/12.2.1/../../../../arm-none-eabi/lib/thumb/v7e-m+fp/hard/libc_nano.a(libc_a-lock.o)
__lock___malloc_recursive_mutex                   /home/phuccd/xpack-arm-none-eabi-gcc-12.2.1-1.2/bin/../lib/gcc/arm-none-eabi/12.2.1/../../../../arm-none-eabi/lib/thumb/v7e-m+fp/hard/libc_nano.a(libc_a-lock.o)
                                                  /home/phuccd/xpack-arm-none-eabi-gcc-12.2.1-1.2/bin/../lib/gcc/arm-none-eabi/12.2.1/../../../../arm-none-eabi/lib/thumb/v7e-m+fp/hard/libc_nano.a(libc_a-mlock.o)
__lock___sfp_recursive_mutex                      /home/phuccd/xpack-arm-none-eabi-gcc-12.2.1-1.2/bin/../lib/gcc/arm-none-eabi/12.2.1/../../../../arm-none-eabi/lib/thumb/v7e-m+fp/hard/libc_nano.a(libc_a-lock.o)
                                                  /home/phuccd/xpack-arm-none-eabi-gcc-12.2.1-1.2/bin/../lib/gcc/arm-none-eabi/12.2.1/../../../../arm-none-eabi/lib/thumb/v7e-m+fp/hard/libc_nano.a(libc_a-findfp.o)
__lock___tz_mutex                                 /home/phuccd/xpack-arm-none-eabi-gcc-12.2.1-1.2/bin/../lib/gcc/arm-none-eabi/12.2.1/../../../../arm-none-eabi/lib/thumb/v7e-m+fp/hard/libc_nano.a(libc_a-lock.o)
__malloc_free_list                                /home/phuccd/xpack-arm-none-eabi-gcc-12.2.1-1.2/bin/../lib/gcc/arm-none-eabi/12.2.1/../../../../arm-none-eabi/lib/thumb/v7e-m+fp/hard/libc_nano.a(libc_a-mallocr.o)
                                                  /home/phuccd/xpack-arm-none-eabi-gcc-12.2.1-1.2/bin/../lib/gcc/arm-none-eabi/12.2.1/../../../../arm-none-eabi/lib/thumb/v7e-m+fp/hard/libc_nano.a(libc_a-freer.o)
__malloc_lock                                     /home/phuccd/xpack-arm-none-eabi-gcc-12.2.1-1.2/bin/../lib/gcc/arm-none-eabi/12.2.1/../../../../arm-none-eabi/lib/thumb/v7e-m+fp/hard/libc_nano.a(libc_a-mlock.o)
                                                  /home/phuccd/xpack-arm-none-eabi-gcc-12.2.1-1.2/bin/../lib/gcc/arm-none-eabi/12.2.1/../../../../arm-none-eabi/lib/thumb/v7e-m+fp/hard/libc_nano.a(libc_a-mallocr.o)
                                                  /home/phuccd/xpack-arm-none-eabi-gcc-12.2.1-1.2/bin/../lib/gcc/arm-none-eabi/12.2.1/../../../../arm-none-eabi/lib/thumb/v7e-m+fp/hard/libc_nano.a(libc_a-freer.o)
__malloc_sbrk_start                               /home/phuccd/xpack-arm-none-eabi-gcc-12.2.1-1.2/bin/../lib/gcc/arm-none-eabi/12.2.1/../../../../arm-none-eabi/lib/thumb/v7e-m+fp/hard/libc_nano.a(libc_a-mallocr.o)
__malloc_unlock                                   /home/phuccd/xpack-arm-none-eabi-gcc-12.2.1-1.2/bin/../lib/gcc/arm-none-eabi/12.2.1/../../../../arm-none-eabi/lib/thumb/v7e-m+fp/hard/libc_nano.a(libc_a-mlock.o)
                                                  /home/phuccd/xpack-arm-none-eabi-gcc-12.2.1-1.2/bin/../lib/gcc/arm-none-eabi/12.2.1/../../../../arm-none-eabi/lib/thumb/v7e-m+fp/hard/libc_nano.a(libc_a-mallocr.o)
                                                  /home/phuccd/xpack-arm-none-eabi-gcc-12.2.1-1.2/bin/../lib/gcc/arm-none-eabi/12.2.1/../../../../arm-none-eabi/lib/thumb/v7e-m+fp/hard/libc_nano.a(libc_a-freer.o)
__on_exit_args                                    /home/phuccd/xpack-arm-none-eabi-gcc-12.2.1-1.2/bin/../lib/gcc/arm-none-eabi/12.2.1/../../../../arm-none-eabi/lib/thumb/v7e-m+fp/hard/libc_nano.a(libc_a-__atexit.o)
__preinit_array_end                               /home/phuccd/xpack-arm-none-eabi-gcc-12.2.1-1.2/bin/../lib/gcc/arm-none-eabi/12.2.1/../../../../arm-none-eabi/lib/thumb/v7e-m+fp/hard/libc_nano.a(libc_a-init.o)
__preinit_array_start                             /home/phuccd/xpack-arm-none-eabi-gcc-12.2.1-1.2/bin/../lib/gcc/arm-none-eabi/12.2.1/../../../../arm-none-eabi/lib/thumb/v7e-m+fp/hard/libc_nano.a(libc_a-init.o)
__register_exitproc                               /home/phuccd/xpack-arm-none-eabi-gcc-12.2.1-1.2/bin/../lib/gcc/arm-none-eabi/12.2.1/../../../../arm-none-eabi/lib/thumb/v7e-m+fp/hard/libc_nano.a(libc_a-__atexit.o)
                                                  /home/phuccd/xpack-arm-none-eabi-gcc-12.2.1-1.2/bin/../lib/gcc/arm-none-eabi/12.2.1/../../../../arm-none-eabi/lib/thumb/v7e-m+fp/hard/libc_nano.a(libc_a-atexit.o)
__register_frame_info                             /home/phuccd/xpack-arm-none-eabi-gcc-12.2.1-1.2/bin/../lib/gcc/arm-none-eabi/12.2.1/thumb/v7e-m+fp/hard/crtbegin.o
__retarget_lock_acquire                           /home/phuccd/xpack-arm-none-eabi-gcc-12.2.1-1.2/bin/../lib/gcc/arm-none-eabi/12.2.1/../../../../arm-none-eabi/lib/thumb/v7e-m+fp/hard/libc_nano.a(libc_a-lock.o)
__retarget_lock_acquire_recursive                 /home/phuccd/xpack-arm-none-eabi-gcc-12.2.1-1.2/bin/../lib/gcc/arm-none-eabi/12.2.1/../../../../arm-none-eabi/lib/thumb/v7e-m+fp/hard/libc_nano.a(libc_a-lock.o)
                                                  /home/phuccd/xpack-arm-none-eabi-gcc-12.2.1-1.2/bin/../lib/gcc/arm-none-eabi/12.2.1/../../../../arm-none-eabi/lib/thumb/v7e-m+fp/hard/libc_nano.a(libc_a-fflush.o)
                                                  /home/phuccd/xpack-arm-none-eabi-gcc-12.2.1-1.2/bin/../lib/gcc/arm-none-eabi/12.2.1/../../../../arm-none-eabi/lib/thumb/v7e-m+fp/hard/libc_nano.a(libc_a-mlock.o)
                                                  /home/phuccd/xpack-arm-none-eabi-gcc-12.2.1-1.2/bin/../lib/gcc/arm-none-eabi/12.2.1/../../../../arm-none-eabi/lib/thumb/v7e-m+fp/hard/libc_nano.a(libc_a-__call_atexit.o)
                                                  /home/phuccd/xpack-arm-none-eabi-gcc-12.2.1-1.2/bin/../lib/gcc/arm-none-eabi/12.2.1/../../../../arm-none-eabi/lib/thumb/v7e-m+fp/hard/libc_nano.a(libc_a-__atexit.o)
                                                  /home/phuccd/xpack-arm-none-eabi-gcc-12.2.1-1.2/bin/../lib/gcc/arm-none-eabi/12.2.1/../../../../arm-none-eabi/lib/thumb/v7e-m+fp/hard/libc_nano.a(libc_a-findfp.o)
__retarget_lock_close                             /home/phuccd/xpack-arm-none-eabi-gcc-12.2.1-1.2/bin/../lib/gcc/arm-none-eabi/12.2.1/../../../../arm-none-eabi/lib/thumb/v7e-m+fp/hard/libc_nano.a(libc_a-lock.o)
__retarget_lock_close_recursive                   /home/phuccd/xpack-arm-none-eabi-gcc-12.2.1-1.2/bin/../lib/gcc/arm-none-eabi/12.2.1/../../../../arm-none-eabi/lib/thumb/v7e-m+fp/hard/libc_nano.a(libc_a-lock.o)
__retarget_lock_init                              /home/phuccd/xpack-arm-none-eabi-gcc-12.2.1-1.2/bin/../lib/gcc/arm-none-eabi/12.2.1/../../../../arm-none-eabi/lib/thumb/v7e-m+fp/hard/libc_nano.a(libc_a-lock.o)
__retarget_lock_init_recursive                    /home/phuccd/xpack-arm-none-eabi-gcc-12.2.1-1.2/bin/../lib/gcc/arm-none-eabi/12.2.1/../../../../arm-none-eabi/lib/thumb/v7e-m+fp/hard/libc_nano.a(libc_a-lock.o)
                                                  /home/phuccd/xpack-arm-none-eabi-gcc-12.2.1-1.2/bin/../lib/gcc/arm-none-eabi/12.2.1/../../../../arm-none-eabi/lib/thumb/v7e-m+fp/hard/libc_nano.a(libc_a-findfp.o)
__retarget_lock_release                           /home/phuccd/xpack-arm-none-eabi-gcc-12.2.1-1.2/bin/../lib/gcc/arm-none-eabi/12.2.1/../../../../arm-none-eabi/lib/thumb/v7e-m+fp/hard/libc_nano.a(libc_a-lock.o)
__retarget_lock_release_recursive                 /home/phuccd/xpack-arm-none-eabi-gcc-12.2.1-1.2/bin/../lib/gcc/arm-none-eabi/12.2.1/../../../../arm-none-eabi/lib/thumb/v7e-m+fp/hard/libc_nano.a(libc_a-lock.o)
                                                  /home/phuccd/xpack-arm-none-eabi-gcc-12.2.1-1.2/bin/../lib/gcc/arm-none-eabi/12.2.1/../../../../arm-none-eabi/lib/thumb/v7e-m+fp/hard/libc_nano.a(libc_a-fflush.o)
                                                  /home/phuccd/xpack-arm-none-eabi-gcc-12.2.1-1.2/bin/../lib/gcc/arm-none-eabi/12.2.1/../../../../arm-none-eabi/lib/thumb/v7e-m+fp/hard/libc_nano.a(libc_a-mlock.o)
                                                  /home/phuccd/xpack-arm-none-eabi-gcc-12.2.1-1.2/bin/../lib/gcc/arm-none-eabi/12.2.1/../../../../arm-none-eabi/lib/thumb/v7e-m+fp/hard/libc_nano.a(libc_a-__call_atexit.o)
                                                  /home/phuccd/xpack-arm-none-eabi-gcc-12.2.1-1.2/bin/../lib/gcc/arm-none-eabi/12.2.1/../../../../arm-none-eabi/lib/thumb/v7e-m+fp/hard/libc_nano.a(libc_a-__atexit.o)
                                                  /home/phuccd/xpack-arm-none-eabi-gcc-12.2.1-1.2/bin/../lib/gcc/arm-none-eabi/12.2.1/../../../../arm-none-eabi/lib/thumb/v7e-m+fp/hard/libc_nano.a(libc_a-findfp.o)
__retarget_lock_try_acquire                       /home/phuccd/xpack-arm-none-eabi-gcc-12.2.1-1.2/bin/../lib/gcc/arm-none-eabi/12.2.1/../../../../arm-none-eabi/lib/thumb/v7e-m+fp/hard/libc_nano.a(libc_a-lock.o)
__retarget_lock_try_acquire_recursive             /home/phuccd/xpack-arm-none-eabi-gcc-12.2.1-1.2/bin/../lib/gcc/arm-none-eabi/12.2.1/../../../../arm-none-eabi/lib/thumb/v7e-m+fp/hard/libc_nano.a(libc_a-lock.o)
__sclose                                          /home/phuccd/xpack-arm-none-eabi-gcc-12.2.1-1.2/bin/../lib/gcc/arm-none-eabi/12.2.1/../../../../arm-none-eabi/lib/thumb/v7e-m+fp/hard/libc_nano.a(libc_a-stdio.o)
                                                  /home/phuccd/xpack-arm-none-eabi-gcc-12.2.1-1.2/bin/../lib/gcc/arm-none-eabi/12.2.1/../../../../arm-none-eabi/lib/thumb/v7e-m+fp/hard/libc_nano.a(libc_a-findfp.o)
__seofread                                        /home/phuccd/xpack-arm-none-eabi-gcc-12.2.1-1.2/bin/../lib/gcc/arm-none-eabi/12.2.1/../../../../arm-none-eabi/lib/thumb/v7e-m+fp/hard/libc_nano.a(libc_a-stdio.o)
__sf                                              /home/phuccd/xpack-arm-none-eabi-gcc-12.2.1-1.2/bin/../lib/gcc/arm-none-eabi/12.2.1/../../../../arm-none-eabi/lib/thumb/v7e-m+fp/hard/libc_nano.a(libc_a-findfp.o)
                                                  /home/phuccd/xpack-arm-none-eabi-gcc-12.2.1-1.2/bin/../lib/gcc/arm-none-eabi/12.2.1/../../../../arm-none-eabi/lib/thumb/v7e-m+fp/hard/libc_nano.a(libc_a-impure.o)
__sflush_r                                        /home/phuccd/xpack-arm-none-eabi-gcc-12.2.1-1.2/bin/../lib/gcc/arm-none-eabi/12.2.1/../../../../arm-none-eabi/lib/thumb/v7e-m+fp/hard/libc_nano.a(libc_a-fflush.o)
__sfp                                             /home/phuccd/xpack-arm-none-eabi-gcc-12.2.1-1.2/bin/../lib/gcc/arm-none-eabi/12.2.1/../../../../arm-none-eabi/lib/thumb/v7e-m+fp/hard/libc_nano.a(libc_a-findfp.o)
__sfp_lock_acquire                                /home/phuccd/xpack-arm-none-eabi-gcc-12.2.1-1.2/bin/../lib/gcc/arm-none-eabi/12.2.1/../../../../arm-none-eabi/lib/thumb/v7e-m+fp/hard/libc_nano.a(libc_a-findfp.o)
__sfp_lock_release                                /home/phuccd/xpack-arm-none-eabi-gcc-12.2.1-1.2/bin/../lib/gcc/arm-none-eabi/12.2.1/../../../../arm-none-eabi/lib/thumb/v7e-m+fp/hard/libc_nano.a(libc_a-findfp.o)
__sglue                                           /home/phuccd/xpack-arm-none-eabi-gcc-12.2.1-1.2/bin/../lib/gcc/arm-none-eabi/12.2.1/../../../../arm-none-eabi/lib/thumb/v7e-m+fp/hard/libc_nano.a(libc_a-findfp.o)